[20:03:38.759][INFO][CraftTweaker-EarlyInit]: CraftTweaker is running on a Minecraft 1.20.1 production server modded with platform Forge
[20:03:38.782][INFO][CraftTweaker-EarlyInit]: Successfully injected RecipeFS file system
[20:03:38.844][INFO][CraftTweaker-Plugins]: Successfully identified and loaded plugin crafttweaker:builtin
[20:03:38.848][INFO][CraftTweaker-Plugins]: Successfully identified and loaded plugin crafttweaker:builtin_forge
[20:03:38.849][INFO][CraftTweaker-Plugins]: Successfully identified and loaded plugin createtweaker:main
[20:03:38.860][INFO][CraftTweaker-Plugins]: Successfully identified and loaded plugin farmersdelight:crafttweaker_plugin
[20:03:38.861][INFO][CraftTweaker-Plugins]: Successfully identified and loaded plugin refurbished_furniture:plugin
[20:03:39.786][INFO][CraftTweaker]: The following mods have explicit CraftTweaker support through the default plugin:
[20:03:39.787][INFO][CraftTweaker]: - 'aquaculture' at version '2.5.7'
[20:03:39.787][INFO][CraftTweaker]: - 'crafttweaker' at version '14.0.59'
[20:03:39.787][INFO][CraftTweaker]: - 'createtweaker' at version '4.0.15'
[20:03:39.787][INFO][CraftTweaker]: - 'farmersdelight' at version '1.20.1-1.2.9'
[20:03:39.787][INFO][CraftTweaker]: - 'refurbished_furniture' at version '1.0.20'
[20:04:01.816][INFO][CraftTweaker-ZenCode]: Started loading scripts for loader 'initialize'
[20:04:02.537][INFO][CraftTweaker-ZenCode]: Compiling and executing scripts
[20:04:02.630][INFO][CraftTweaker-ZenCode]: Successfully initialized modules [crafttweaker, expansions]
[20:04:02.734][INFO][CraftTweaker-ZenCode]: Execution for loader 'initialize' completed successfully
[20:04:38.613][INFO][CraftTweaker-ZenCode]: Started loading scripts for loader 'tags'
[20:04:38.648][INFO][CraftTweaker-ZenCode]: Compiling and executing scripts
[20:04:38.667][INFO][CraftTweaker-ZenCode]: Successfully initialized modules [crafttweaker, expansions]
[20:04:38.678][INFO][CraftTweaker-ZenCode]: Execution for loader 'tags' completed successfully
[20:04:41.749][INFO][CraftTweaker]: crafttweaker.reload.start
[20:04:41.762][INFO][CraftTweaker-ZenCode]: Started loading scripts for loader 'crafttweaker'
[20:04:41.790][INFO][CraftTweaker-ZenCode]: Compiling and executing scripts
[20:04:42.292][INFO][CraftTweaker-ZenCode]: Successfully initialized modules [mods, crafttweaker, expansions]
[20:04:42.298][INFO][CraftTweaker-ZenCode]: Loading file 'armor_bostrox.zs' with priority 0
[20:04:42.298][INFO][CraftTweaker-ZenCode]: Loading file 'create.zs' with priority 0
[20:04:42.314][INFO][CraftTweaker-ZenCode]: Loading file 'encantamientos.zs' with priority 0
[20:04:42.319][INFO][CraftTweaker-ZenCode]: Loading file 'goldtools.zs' with priority 0
[20:04:42.320][INFO][CraftTweaker-ZenCode]: Loading file 'hardener_steel.zs' with priority 0
[20:04:42.321][INFO][CraftTweaker-ZenCode]: Loading file 'misc.zs' with priority 0
[20:04:42.335][INFO][CraftTweaker-ZenCode]: Loading file 'planes_cfg.zs' with priority 0
[20:04:42.335][INFO][CraftTweaker-ZenCode]: Loading file 'proces_y_mecanical_recipies.zs' with priority 0
[20:04:42.342][INFO][CraftTweaker-ZenCode]: Loading file 'psg.zs' with priority 0
[20:04:42.343][INFO][CraftTweaker-ZenCode]: Loading file 'radiation.zs' with priority 0
[20:04:42.351][INFO][CraftTweaker-ZenCode]: Loading file 'tools.zs' with priority 0
[20:04:42.375][INFO][CraftTweaker-ZenCode]: Loading file 'woods.zs' with priority 0
[20:04:42.621][INFO][CraftTweaker]: Removing 'crafting' recipes with output: '<item:undead_revamp2:bostroxset_helmet>'
[20:04:42.646][INFO][CraftTweaker]: Removing 'crafting' recipes with output: '<item:undead_revamp2:bostroxset_chestplate>'
[20:04:42.653][INFO][CraftTweaker]: Removing 'crafting' recipes with output: '<item:undead_revamp2:bostroxset_boots>'
[20:04:42.662][INFO][CraftTweaker]: Adding 'create:mechanical_crafting' recipe, with name: 'crafttweaker:harded_steel_2' that outputs: '<item:marbledsapi:hardened_steel_ingot> * 2'
[20:04:42.665][INFO][CraftTweaker]: Adding 'create:haunting' recipe, with name: 'crafttweaker:netherward' that outputs: '<item:minecraft:nether_wart>'
[20:04:42.669][INFO][CraftTweaker]: Adding 'create:mixing' recipe, with name: 'crafttweaker:tear1' that outputs: '<item:minecraft:ghast_tear>'
[20:04:42.670][INFO][CraftTweaker]: Adding 'create:mixing' recipe, with name: 'crafttweaker:tear5-1' that outputs: '<item:minecraft:ghast_tear> * 2'
[20:04:42.670][INFO][CraftTweaker]: Adding 'create:mixing' recipe, with name: 'crafttweaker:tear5-2' that outputs: '<item:minecraft:ghast_tear> * 2'
[20:04:42.670][INFO][CraftTweaker]: Adding 'create:mixing' recipe, with name: 'crafttweaker:tear5-3' that outputs: '<item:minecraft:ghast_tear> * 2'
[20:04:42.670][INFO][CraftTweaker]: Removing 'create:haunting' recipes with output: '<item:minecraft:wither_skeleton_skull>'
[20:04:42.671][INFO][CraftTweaker]: Adding 'create:compacting' recipe, with name: 'crafttweaker:wither_skull-1' that outputs: '<item:minecraft:wither_skeleton_skull>'
[20:04:42.671][INFO][CraftTweaker]: Adding 'create:compacting' recipe, with name: 'crafttweaker:wither_skull-2' that outputs: '<item:minecraft:wither_skeleton_skull>'
[20:04:42.672][INFO][CraftTweaker]: Adding 'create:compacting' recipe, with name: 'crafttweaker:wither_skull-3' that outputs: '<item:minecraft:wither_skeleton_skull>'
[20:04:42.674][INFO][CraftTweaker]: Adding 'create:mixing' recipe, with name: 'crafttweaker:suero' that outputs: '<item:minecraft:potion>.withTag({display: {Name: "{\"text\":\"Suero Inmunológico\",\"bold\":true,\"italic\":true}"}, CustomPotionColor: 1686852, CustomPotionEffects: [{CurativeItems: [{id: "minecraft:milk_bucket", Count: 1}], Duration: 42000, ShowIcon: 1, Ambient: 0, ShowParticles: 1, "forge:id": "hordes:immunity", Amplifier: 0}, {Id: 10, Amplifier: 1, Duration: 200}, {Id: 6, Amplifier: 1, Duration: 1}, {Id: 23, Amplifier: 19, Duration: 1}, {Id: 22, Amplifier: 2, Duration: 200}]})'
[20:04:42.675][INFO][CraftTweaker]: Adding 'create:mechanical_crafting' recipe, with name: 'crafttweaker:raygun_ammo' that outputs: '<item:tacz:ammo>.withTag({AmmoId: "fibers:raygun_projectile"}) * 12'
[20:04:42.675][INFO][CraftTweaker]: Removing 'create:mixing' recipes with output: '<item:createaddition:electrum_ingot>'
[20:04:42.675][INFO][CraftTweaker]: Adding 'create:mixing' recipe, with name: 'crafttweaker:electrum_ingot' that outputs: '<item:createaddition:electrum_ingot> * 4'
[20:04:42.675][INFO][CraftTweaker]: Adding 'create:crushing' recipe, with name: 'crafttweaker:crusheddebri' that outputs: '<item:skys_overworld_netherite:large_ancient_shard> * 3'
[20:04:42.675][INFO][CraftTweaker]: Removing 'crafting' recipes with output: '<item:minecraft:ancient_debris>'
[20:04:42.681][INFO][CraftTweaker]: Removing 'crafting' recipes with output: '<item:minecraft:netherite_ingot>'
[20:04:42.689][INFO][CraftTweaker]: Adding 'minecraft:crafting' recipe, of type: "shapeless", with name: 'crafttweaker:netherite_ingot' that outputs: '<item:minecraft:netherite_ingot>'
[20:04:42.690][INFO][CraftTweaker]: Removing "minecraft:crafting" recipes with modid: "skys_overworld_netherite"
[20:04:42.693][INFO][CraftTweaker]: Adding 'create:compacting' recipe, with name: 'crafttweaker:nether-fragment_to_shard' that outputs: '<item:skys_overworld_netherite:ancient_debris_shard>'
[20:04:42.693][INFO][CraftTweaker]: Adding 'create:compacting' recipe, with name: 'crafttweaker:nether-shard_to_largeshard' that outputs: '<item:skys_overworld_netherite:large_ancient_shard>'
[20:04:42.693][INFO][CraftTweaker]: Adding 'create:compacting' recipe, with name: 'crafttweaker:nether-largeshard_to_netheriteore' that outputs: '<item:minecraft:ancient_debris>'
[20:04:42.693][INFO][CraftTweaker]: Adding 'create:crushing' recipe, with name: 'crafttweaker:bostrod_ore' that outputs: '<item:undead_revamp2:rawbostrox>'
[20:04:42.694][INFO][CraftTweaker]: Removing 'create:compacting' recipes with output: 'com.blamejared.crafttweaker.api.fluid.CTFluidIngredient$FluidStackIngredient@1667d9d4'
[20:04:42.696][INFO][CraftTweaker]: Adding 'create:compacting' recipe, with name: 'crafttweaker:plant_oil' that outputs: '<item:minecraft:air>.withTag({Damage: 0, Damp: 1})'
[20:04:42.696][INFO][CraftTweaker]: Removing 'create:crushing' recipes that match a custom condition
[20:04:42.700][INFO][CraftTweaker]: Adding 'create:mixing' recipe, with name: 'crafttweaker:blaze_powder2-3' that outputs: '<item:minecraft:blaze_powder> * 2'
[20:04:42.700][INFO][CraftTweaker]: Removing 'create:splashing' recipes that match a custom condition
[20:04:42.701][INFO][CraftTweaker]: Adding 'create:crushing' recipe, with name: 'crafttweaker:rusty_iron_nugget' that outputs: '<item:dustrial_decor:rusty_iron_nugget>'
[20:04:42.701][INFO][CraftTweaker]: Adding 'create:compacting' recipe, with name: 'crafttweaker:iron_nugget' that outputs: '<item:minecraft:iron_nugget> * 3'
[20:04:42.702][INFO][CraftTweaker]: Adding 'create:pressing' recipe, with name: 'crafttweaker:rusty_ingot_to_rusty_sheet' that outputs: '<item:dustrial_decor:rusty_sheet_metal>'
[20:04:42.702][INFO][CraftTweaker]: Adding 'create:mixing' recipe, with name: 'crafttweaker:lether_string' that outputs: '<item:minecraft:string> * 5'
[20:04:42.703][INFO][CraftTweaker]: Adding 'create:mixing' recipe, with name: 'crafttweaker:lether_working' that outputs: '<item:minecraft:leather> * 2'
[20:04:42.703][INFO][CraftTweaker]: Removing 'create:compacting' recipes with output: '<item:createdeco:industrial_iron_ingot>'
[20:04:42.703][INFO][CraftTweaker]: Adding 'create:compacting' recipe, with name: 'crafttweaker:industrial_iron_ingot' that outputs: '<item:createdeco:industrial_iron_ingot> * 2'
[20:04:42.703][INFO][CraftTweaker]: Removing 'create:compacting' recipes with output: '<item:create:industrial_iron_block>'
[20:04:42.703][INFO][CraftTweaker]: Adding 'create:compacting' recipe, with name: 'crafttweaker:industrial_iron_block' that outputs: '<item:create:industrial_iron_block>'
[20:04:42.704][INFO][CraftTweaker]: Adding 'create:compacting' recipe, with name: 'crafttweaker:amethyst_block' that outputs: '<item:minecraft:amethyst_block>'
[20:04:42.704][INFO][CraftTweaker]: Adding 'create:mixing' recipe, with name: 'crafttweaker:glowcap' that outputs: '<item:projectvibrantjourneys:glowcap>'
[20:04:42.704][INFO][CraftTweaker]: Adding 'create:haunting' recipe, with name: 'crafttweaker:quartz_block' that outputs: '<item:minecraft:quartz_block>'
[20:04:42.704][INFO][CraftTweaker]: Adding 'create:crushing' recipe, with name: 'crafttweaker:crushedtuff' that outputs: '<item:create:zinc_nugget>'
[20:04:42.704][INFO][CraftTweaker]: Adding 'create:crushing' recipe, with name: 'crafttweaker:crushedscoria' that outputs: '<item:create:copper_nugget>'
[20:04:42.705][INFO][CraftTweaker]: Adding 'create:compacting' recipe, with name: 'crafttweaker:crudeoil' that outputs: '<item:minecraft:air>.withTag({Damage: 0, Damp: 1})'
[20:04:42.705][INFO][CraftTweaker]: Adding 'create:compacting' recipe, with name: 'crafttweaker:diamond' that outputs: '<item:minecraft:diamond>'
[20:04:42.705][INFO][CraftTweaker]: Adding 'create:milling' recipe, with name: 'crafttweaker:ciffaretbutt' that outputs: '<item:minecraft:paper>'
[20:04:42.706][INFO][CraftTweaker]: Adding 'create:milling' recipe, with name: 'crafttweaker:shrededtabaco' that outputs: '<item:harmfulsmoke:shredded_tobacco> * 3'
[20:04:42.706][INFO][CraftTweaker]: Adding 'create:milling' recipe, with name: 'crafttweaker:leather_helmet_mill' that outputs: '<item:minecraft:rabbit_hide> * 2'
[20:04:42.706][INFO][CraftTweaker]: Adding 'create:milling' recipe, with name: 'crafttweaker:leather_chestplate_mill' that outputs: '<item:minecraft:rabbit_hide> * 8'
[20:04:42.706][INFO][CraftTweaker]: Adding 'create:milling' recipe, with name: 'crafttweaker:leather_leggings_mill' that outputs: '<item:minecraft:rabbit_hide> * 4'
[20:04:42.706][INFO][CraftTweaker]: Adding 'create:milling' recipe, with name: 'crafttweaker:leather_boots_mill' that outputs: '<item:minecraft:rabbit_hide> * 2'
[20:04:42.707][INFO][CraftTweaker]: Adding 'create:milling' recipe, with name: 'crafttweaker:leather_horse_armor_mill' that outputs: '<item:minecraft:rabbit_hide> * 8'
[20:04:42.707][INFO][CraftTweaker]: Removing 'crafting' recipes with output: '<item:createdieselgenerators:hammer>'
[20:04:42.715][INFO][CraftTweaker]: Adding 'minecraft:crafting' recipe, of type: "shaped", with name: 'crafttweaker:createdieselgenerators_hammer' that outputs: '<item:createdieselgenerators:hammer>'
[20:04:42.715][INFO][CraftTweaker]: Removing 'crafting' recipes with output: '<item:createdieselgenerators:wire_cutters>'
[20:04:42.721][INFO][CraftTweaker]: Adding 'minecraft:crafting' recipe, of type: "shaped", with name: 'crafttweaker:createdieselgenerators_wire_cutters' that outputs: '<item:createdieselgenerators:wire_cutters>'
[20:04:42.723][INFO][CraftTweaker]: Removing 'create:deploying' recipe(s) with name(s): '[create_netherless:gilded_blackstone_from_deploying]'
[20:04:42.724][INFO][CraftTweaker]: Adding 'create:deploying' recipe, with name: 'crafttweaker:gilded_blckstone_deploy' that outputs: '<item:minecraft:gilded_blackstone>'
[20:04:42.724][INFO][CraftTweaker]: Removing 'create:haunting' recipe(s) with name(s): '[create_netherless:ender_pearl_by_haunting]'
[20:04:42.724][INFO][CraftTweaker]: Adding 'create:crushing' recipe, with name: 'crafttweaker:soul_crushing' that outputs: '<item:unusual_delight:soul> * 8'
[20:04:42.725][INFO][CraftTweaker]: Adding 'minecraft:crafting' recipe, of type: "shaped", with name: 'crafttweaker:alternator' that outputs: '<item:createaddition:alternator>'
[20:04:42.725][INFO][CraftTweaker]: Removing 'crafting' recipes with output: '<item:minecraft:enchanting_table>'
[20:04:42.730][INFO][CraftTweaker]: Removing 'crafting' recipes with output: '<item:chipped:alchemy_bench>'
[20:04:42.734][INFO][CraftTweaker]: Adding 'minecraft:crafting' recipe, of type: "shaped", with name: 'crafttweaker:alchemy_bench' that outputs: '<item:chipped:alchemy_bench>'
[20:04:42.735][INFO][CraftTweaker]: Adding 'create:mechanical_crafting' recipe, with name: 'crafttweaker:mending' that outputs: '<item:minecraft:enchanted_book>.withTag({display: {Name: "{\"text\":\"Enhancement schemes\"}"}, StoredEnchantments: [{id: "minecraft:mending", lvl: 1}]})'
[20:04:42.735][INFO][CraftTweaker]: Adding 'create:mechanical_crafting' recipe, with name: 'crafttweaker:fortuna3' that outputs: '<item:minecraft:enchanted_book>.withTag({display: {Name: "{\"text\":\"Enhancement schemes\"}"}, StoredEnchantments: [{id: "minecraft:fortune", lvl: 3}]})'
[20:04:42.735][INFO][CraftTweaker]: Adding 'create:mechanical_crafting' recipe, with name: 'crafttweaker:looting3' that outputs: '<item:minecraft:enchanted_book>.withTag({display: {Name: "{\"text\":\"Enhancement schemes\"}"}, StoredEnchantments: [{id: "minecraft:looting", lvl: 3}]})'
[20:04:42.736][INFO][CraftTweaker]: Adding 'minecraft:crafting' recipe, of type: "shaped", with name: 'crafttweaker:smite5' that outputs: '<item:minecraft:enchanted_book>.withTag({display: {Name: "{\"text\":\"Enhancement schemes\"}"}, StoredEnchantments: [{id: "minecraft:smite", lvl: 5}]})'
[20:04:42.736][INFO][CraftTweaker]: Adding 'minecraft:crafting' recipe, of type: "shaped", with name: 'crafttweaker:sharpness5' that outputs: '<item:minecraft:enchanted_book>.withTag({display: {Name: "{\"text\":\"Enhancement schemes\"}"}, StoredEnchantments: [{id: "minecraft:sharpness", lvl: 5}]})'
[20:04:42.736][INFO][CraftTweaker]: Adding 'minecraft:crafting' recipe, of type: "shaped", with name: 'crafttweaker:thorns3' that outputs: '<item:minecraft:enchanted_book>.withTag({display: {Name: "{\"text\":\"Enhancement schemes\"}"}, StoredEnchantments: [{id: "minecraft:thorns", lvl: 3}]})'
[20:04:42.736][INFO][CraftTweaker]: Adding 'minecraft:crafting' recipe, of type: "shaped", with name: 'crafttweaker:under_water_helmet' that outputs: '<item:minecraft:enchanted_book>.withTag({display: {Name: "{\"text\":\"Enhancement schemes\"}"}, StoredEnchantments: [{id: "minecraft:aqua_affinity", lvl: 1}, {id: "minecraft:respiration", lvl: 3}]})'
[20:04:42.737][INFO][CraftTweaker]: Adding 'minecraft:crafting' recipe, of type: "shaped", with name: 'crafttweaker:under_water_boots' that outputs: '<item:minecraft:enchanted_book>.withTag({display: {Name: "{\"text\":\"Enhancement schemes\"}"}, StoredEnchantments: [{id: "minecraft:depth_strider", lvl: 3}]})'
[20:04:42.737][INFO][CraftTweaker]: Adding 'minecraft:crafting' recipe, of type: "shaped", with name: 'crafttweaker:feather_falling4' that outputs: '<item:minecraft:enchanted_book>.withTag({display: {Name: "{\"text\":\"Enhancement schemes\"}"}, StoredEnchantments: [{id: "minecraft:feather_falling", lvl: 4}]})'
[20:04:42.737][INFO][CraftTweaker]: Adding 'minecraft:crafting' recipe, of type: "shaped", with name: 'crafttweaker:protecction4' that outputs: '<item:minecraft:enchanted_book>.withTag({display: {Name: "{\"text\":\"Enhancement schemes\"}"}, StoredEnchantments: [{id: "minecraft:protection", lvl: 4}]})'
[20:04:42.737][INFO][CraftTweaker]: Adding 'minecraft:crafting' recipe, of type: "shaped", with name: 'crafttweaker:unbreaking3' that outputs: '<item:minecraft:enchanted_book>.withTag({display: {Name: "{\"text\":\"Enhancement schemes\"}"}, StoredEnchantments: [{id: "minecraft:unbreaking", lvl: 3}]})'
[20:04:42.738][INFO][CraftTweaker]: Adding 'minecraft:crafting' recipe, of type: "shaped", with name: 'crafttweaker:silk_touch' that outputs: '<item:minecraft:enchanted_book>.withTag({display: {Name: "{\"text\":\"Enhancement schemes\"}"}, StoredEnchantments: [{id: "minecraft:silk_touch", lvl: 1}]})'
[20:04:42.738][INFO][CraftTweaker]: Adding 'minecraft:crafting' recipe, of type: "shaped", with name: 'crafttweaker:efficiency5' that outputs: '<item:minecraft:enchanted_book>.withTag({display: {Name: "{\"text\":\"Enhancement schemes\"}"}, StoredEnchantments: [{id: "minecraft:efficiency", lvl: 5}]})'
[20:04:42.738][INFO][CraftTweaker]: Adding 'minecraft:crafting' recipe, of type: "shaped", with name: 'crafttweaker:potato_recovery' that outputs: '<item:minecraft:enchanted_book>.withTag({display: {Name: "{\"text\":\"Enhancement schemes\"}"}, StoredEnchantments: [{id: "create:potato_recovery", lvl: 3}]})'
[20:04:42.738][INFO][CraftTweaker]: Adding 'minecraft:crafting' recipe, of type: "shaped", with name: 'crafttweaker:butcher' that outputs: '<item:minecraft:enchanted_book>.withTag({display: {Name: "{\"text\":\"Enhancement schemes\"}"}, StoredEnchantments: [{id: "butcher:butcherenchantment", lvl: 1}]})'
[20:04:42.739][INFO][CraftTweaker]: Adding 'minecraft:crafting' recipe, of type: "shaped", with name: 'crafttweaker:imbued_hide' that outputs: '<item:minecraft:enchanted_book>.withTag({display: {Name: "{\"text\":\"Enhancement schemes\"}"}, StoredEnchantments: [{id: "backpacked:imbued_hide", lvl: 1}]})'
[20:04:42.739][INFO][CraftTweaker]: Adding 'minecraft:crafting' recipe, of type: "shaped", with name: 'crafttweaker:looted' that outputs: '<item:minecraft:enchanted_book>.withTag({display: {Name: "{\"text\":\"Enhancement schemes\"}"}, StoredEnchantments: [{id: "backpacked:looted", lvl: 1}]})'
[20:04:42.739][INFO][CraftTweaker]: Adding 'minecraft:crafting' recipe, of type: "shaped", with name: 'crafttweaker:funnelling' that outputs: '<item:minecraft:enchanted_book>.withTag({display: {Name: "{\"text\":\"Enhancement schemes\"}"}, StoredEnchantments: [{id: "backpacked:funnelling", lvl: 1}]})'
[20:04:42.739][INFO][CraftTweaker]: Adding 'minecraft:crafting' recipe, of type: "shapeless", with name: 'crafttweaker:backstabing' that outputs: '<item:minecraft:enchanted_book>.withTag({display: {Name: "{\"text\":\"Enhancement schemes\"}"}, StoredEnchantments: [{id: "lrtactical:backstab", lvl: 2}]})'
[20:04:42.740][INFO][CraftTweaker]: Adding 'minecraft:crafting' recipe, of type: "shaped", with name: 'crafttweaker:bullet_prove4' that outputs: '<item:minecraft:enchanted_book>.withTag({display: {Name: "{\"text\":\"Enhancement of heavy plates\"}"}, StoredEnchantments: [{id: "bulletarmorenchant:bullet_proof", lvl: 4}]})'
[20:04:42.740][INFO][CraftTweaker]: Adding 'minecraft:crafting' recipe, of type: "shapeless", with name: 'crafttweaker:bullet_prove3' that outputs: '<item:minecraft:enchanted_book>.withTag({display: {Name: "{\"text\":\"Enhancement of reinforced plates\"}"}, StoredEnchantments: [{id: "bulletarmorenchant:bullet_proof", lvl: 3}]})'
[20:04:42.740][INFO][CraftTweaker]: Adding 'minecraft:crafting' recipe, of type: "shapeless", with name: 'crafttweaker:bullet_prove2' that outputs: '<item:minecraft:enchanted_book>.withTag({display: {Name: "{\"text\":\"Enhancement of plates\"}"}, StoredEnchantments: [{id: "bulletarmorenchant:bullet_proof", lvl: 2}]})'
[20:04:42.740][INFO][CraftTweaker]: Adding 'minecraft:crafting' recipe, of type: "shapeless", with name: 'crafttweaker:bullet_prove1' that outputs: '<item:minecraft:enchanted_book>.withTag({display: {Name: "{\"text\":\"Enhancement of light plates\"}"}, StoredEnchantments: [{id: "bulletarmorenchant:bullet_proof", lvl: 1}]})'
[20:04:42.740][INFO][CraftTweaker]: Adding 'minecraft:crafting' recipe, of type: "shaped", with name: 'crafttweaker:lure' that outputs: '<item:minecraft:enchanted_book>.withTag({display: {Name: "{\"text\":\"Enhancement schemes\"}"}, StoredEnchantments: [{id: "lure", lvl: 3}]})'
[20:04:42.741][INFO][CraftTweaker]: Adding 'minecraft:crafting' recipe, of type: "shaped", with name: 'crafttweaker:sea_luck' that outputs: '<item:minecraft:enchanted_book>.withTag({display: {Name: "{\"text\":\"Enhancement schemes\"}"}, StoredEnchantments: [{id: "minecraft:luck_of_the_sea", lvl: 3}]})'
[20:04:42.741][INFO][CraftTweaker]: Adding 'minecraft:crafting' recipe, of type: "shaped", with name: 'crafttweaker:fortune1' that outputs: '<item:minecraft:enchanted_book>.withTag({display: {Name: "{\"text\":\"Enhancement schemes\"}"}, StoredEnchantments: [{id: "minecraft:fortune", lvl: 1}]})'
[20:04:42.741][INFO][CraftTweaker]: Adding 'minecraft:crafting' recipe, of type: "shaped", with name: 'crafttweaker:looting1' that outputs: '<item:minecraft:enchanted_book>.withTag({display: {Name: "{\"text\":\"Enhancement schemes\"}"}, StoredEnchantments: [{id: "minecraft:looting", lvl: 1}]})'
[20:04:42.741][INFO][CraftTweaker]: Removing 'minecraft:blasting' recipe(s) with name(s): '[minecraft:gold_nugget_from_blasting]'
[20:04:42.741][INFO][CraftTweaker]: Removing 'minecraft:smelting' recipe(s) with name(s): '[minecraft:gold_nugget_from_smelting]'
[20:04:42.742][INFO][CraftTweaker]: Removing 'minecraft:crafting' recipe(s) with name(s): '[marbledsapi:hardened_steel_ingot]'
[20:04:42.742][INFO][CraftTweaker]: Adding 'minecraft:crafting' recipe, of type: "shaped", with name: 'crafttweaker:hardened_steel_' that outputs: '<item:marbledsapi:hardened_steel_ingot>'
[20:04:42.742][INFO][CraftTweaker]: Removing 'minecraft:crafting' recipe(s) with name(s): '[marbledsapi:steel_sheet]'
[20:04:42.742][INFO][CraftTweaker]: Adding 'create:pressing' recipe, with name: 'crafttweaker:hardened_steel_pressed' that outputs: '<item:marbledsapi:hardened_steel_sheet>'
[20:04:42.742][INFO][CraftTweaker]: Removing 'minecraft:crafting' recipe(s) with name(s): '[marbledsarsenal:black_juggernaut_armor_boots]'
[20:04:42.742][INFO][CraftTweaker]: Removing 'minecraft:crafting' recipe(s) with name(s): '[marbledsarsenal:black_juggernaut_armor_leggings]'
[20:04:42.742][INFO][CraftTweaker]: Removing 'minecraft:crafting' recipe(s) with name(s): '[marbledsarsenal:black_juggernaut_armor_chestplate]'
[20:04:42.742][INFO][CraftTweaker]: Removing 'minecraft:crafting' recipe(s) with name(s): '[marbledsarsenal:black_juggernaut_armor_helmet]'
[20:04:42.742][INFO][CraftTweaker]: Removing 'minecraft:crafting' recipe(s) with name(s): '[marbledsarsenal:olive_juggernaut_armor_boots]'
[20:04:42.742][INFO][CraftTweaker]: Removing 'minecraft:crafting' recipe(s) with name(s): '[marbledsarsenal:olive_juggernaut_armor_leggings]'
[20:04:42.743][INFO][CraftTweaker]: Removing 'minecraft:crafting' recipe(s) with name(s): '[marbledsarsenal:olive_juggernaut_armor_chestplate]'
[20:04:42.743][INFO][CraftTweaker]: Removing 'minecraft:crafting' recipe(s) with name(s): '[marbledsarsenal:olive_juggernaut_armor_helmet]'
[20:04:42.743][INFO][CraftTweaker]: Adding 'minecraft:crafting' recipe, of type: "shaped", with name: 'crafttweaker:black_juggernaut_armor_boots' that outputs: '<item:marbledsarsenal:black_juggernaut_armor_boots>.withTag({Enchantments: [{id: "bulletarmorenchant:bullet_proof", lvl: 4}, {id: "minecraft:unbreaking", lvl: 3}]})'
[20:04:42.743][INFO][CraftTweaker]: Adding 'minecraft:crafting' recipe, of type: "shaped", with name: 'crafttweaker:black_juggernaut_armor_leggings' that outputs: '<item:marbledsarsenal:black_juggernaut_armor_leggings>.withTag({Enchantments: [{id: "bulletarmorenchant:bullet_proof", lvl: 4}, {id: "minecraft:unbreaking", lvl: 3}]})'
[20:04:42.743][INFO][CraftTweaker]: Adding 'minecraft:crafting' recipe, of type: "shaped", with name: 'crafttweaker:black_juggernaut_armor_chestplate' that outputs: '<item:marbledsarsenal:black_juggernaut_armor_chestplate>.withTag({Enchantments: [{id: "bulletarmorenchant:bullet_proof", lvl: 4}, {id: "minecraft:unbreaking", lvl: 3}]})'
[20:04:42.744][INFO][CraftTweaker]: Adding 'minecraft:crafting' recipe, of type: "shaped", with name: 'crafttweaker:black_juggernaut_armor_helmet' that outputs: '<item:marbledsarsenal:black_juggernaut_armor_helmet>.withTag({Enchantments: [{id: "bulletarmorenchant:bullet_proof", lvl: 4}, {id: "minecraft:unbreaking", lvl: 3}]})'
[20:04:42.744][INFO][CraftTweaker]: Adding 'minecraft:crafting' recipe, of type: "shaped", with name: 'crafttweaker:olive_juggernaut_armor_boots' that outputs: '<item:marbledsarsenal:olive_juggernaut_armor_boots>.withTag({Enchantments: [{id: "bulletarmorenchant:bullet_proof", lvl: 4}, {id: "minecraft:unbreaking", lvl: 3}]})'
[20:04:42.744][INFO][CraftTweaker]: Adding 'minecraft:crafting' recipe, of type: "shaped", with name: 'crafttweaker:olive_juggernaut_armor_leggings' that outputs: '<item:marbledsarsenal:olive_juggernaut_armor_leggings>.withTag({Enchantments: [{id: "bulletarmorenchant:bullet_proof", lvl: 4}, {id: "minecraft:unbreaking", lvl: 3}]})'
[20:04:42.744][INFO][CraftTweaker]: Adding 'minecraft:crafting' recipe, of type: "shaped", with name: 'crafttweaker:olive_juggernaut_armor_chestplate' that outputs: '<item:marbledsarsenal:olive_juggernaut_armor_chestplate>.withTag({Enchantments: [{id: "bulletarmorenchant:bullet_proof", lvl: 4}, {id: "minecraft:unbreaking", lvl: 3}]})'
[20:04:42.744][INFO][CraftTweaker]: Adding 'minecraft:crafting' recipe, of type: "shaped", with name: 'crafttweaker:olive_juggernaut_armor_helmet' that outputs: '<item:marbledsarsenal:olive_juggernaut_armor_helmet>.withTag({Enchantments: [{id: "bulletarmorenchant:bullet_proof", lvl: 4}, {id: "minecraft:unbreaking", lvl: 3}]})'
[20:04:42.745][INFO][CraftTweaker]: Removing 'crafting' recipes with output: '<item:minecraft:spyglass>'
[20:04:42.750][INFO][CraftTweaker]: Adding 'minecraft:crafting' recipe, of type: "shaped", with name: 'crafttweaker:spyglass_camera' that outputs: '<item:minecraft:spyglass>'
[20:04:42.750][INFO][CraftTweaker]: Removing 'crafting' recipes with output: '<item:securitycraft:briefcase>'
[20:04:42.755][INFO][CraftTweaker]: Adding 'minecraft:crafting' recipe, of type: "shaped", with name: 'crafttweaker:netherite_pickaxe' that outputs: '<item:minecraft:netherite_pickaxe>'
[20:04:42.755][INFO][CraftTweaker]: Removing 'crafting' recipes with output: '<item:minecraft:ender_chest>'
[20:04:42.759][INFO][CraftTweaker]: Removing 'smithing' recipes with output: '<item:toms_storage:ts.adv_wireless_terminal>'
[20:04:42.768][INFO][CraftTweaker]: Adding 'minecraft:crafting' recipe, of type: "shapeless", with name: 'crafttweaker:adv_wireless_terminal' that outputs: '<item:toms_storage:ts.adv_wireless_terminal>'
[20:04:42.768][INFO][CraftTweaker]: Removing 'smithing' recipes with output: '<item:archeryexp:netherite_bow>'
[20:04:42.770][INFO][CraftTweaker]: Adding 'minecraft:crafting' recipe, of type: "shaped", with name: 'crafttweaker:netherite_bow' that outputs: '<item:archeryexp:netherite_bow>'
[20:04:42.770][INFO][CraftTweaker]: Removing 'crafting' recipes with output: '<item:supplementaries:slidy_block>'
[20:04:42.776][INFO][CraftTweaker]: Removing 'crafting' recipes with output: '<item:minecraft:flint_and_steel>'
[20:04:42.780][INFO][CraftTweaker]: Adding 'minecraft:crafting' recipe, of type: "shaped", with name: 'crafttweaker:flint_and_steel' that outputs: '<item:minecraft:flint_and_steel>'
[20:04:42.781][INFO][CraftTweaker]: Removing 'crafting' recipes with output: '<item:harmfulsmoke:lighter>'
[20:04:42.785][INFO][CraftTweaker]: Adding 'minecraft:crafting' recipe, of type: "shapeless", with name: 'crafttweaker:lighter' that outputs: '<item:harmfulsmoke:lighter>'
[20:04:42.785][INFO][CraftTweaker]: Removing 'crafting' recipes with output: '<item:vc_gliders:reinforced_paper_netherite>'
[20:04:42.789][INFO][CraftTweaker]: Adding 'minecraft:crafting' recipe, of type: "shaped", with name: 'crafttweaker:reinforced_paper_netherite' that outputs: '<item:vc_gliders:reinforced_paper_netherite>'
[20:04:42.789][INFO][CraftTweaker]: Removing "minecraft:smelting" recipes with modid: "immersive_weathering"
[20:04:42.790][INFO][CraftTweaker]: Adding 'minecraft:smelting' recipe, with name: 'crafttweaker:immersive_weathering_waxed_noblocks_furnace' that outputs: '<item:dustrial_decor:rusty_iron_nugget>'
[20:04:42.790][INFO][CraftTweaker]: Adding 'minecraft:smelting' recipe, with name: 'crafttweaker:immersive_weathering_waxed_blocks_furnace' that outputs: '<item:dustrial_decor:rusty_iron_ingot>'
[20:04:42.790][INFO][CraftTweaker]: Adding 'minecraft:smelting' recipe, with name: 'crafttweaker:iron_nugget_from_clean_bars' that outputs: '<item:minecraft:iron_nugget>'
[20:04:42.790][INFO][CraftTweaker]: Adding 'minecraft:smelting' recipe, with name: 'crafttweaker:rusty_iron_nugget_from_exposed_bars1' that outputs: '<item:dustrial_decor:rusty_iron_nugget>'
[20:04:42.790][INFO][CraftTweaker]: Adding 'minecraft:smelting' recipe, with name: 'crafttweaker:rusty_iron_nugget_from_rusted_bars2' that outputs: '<item:dustrial_decor:rusty_iron_nugget>'
[20:04:42.790][INFO][CraftTweaker]: Adding 'minecraft:smelting' recipe, with name: 'crafttweaker:rusty_iron_nugget_from_weathered_bars3' that outputs: '<item:dustrial_decor:rusty_iron_nugget>'
[20:04:42.790][INFO][CraftTweaker]: Adding 'minecraft:smelting' recipe, with name: 'crafttweaker:iron_ingot_from_clean_block' that outputs: '<item:minecraft:iron_ingot>'
[20:04:42.790][INFO][CraftTweaker]: Adding 'minecraft:smelting' recipe, with name: 'crafttweaker:rusty_iron_ingot_from_exposed_block1' that outputs: '<item:dustrial_decor:rusty_iron_ingot>'
[20:04:42.790][INFO][CraftTweaker]: Adding 'minecraft:smelting' recipe, with name: 'crafttweaker:rusty_iron_ingot_from_rusted_block2' that outputs: '<item:dustrial_decor:rusty_iron_ingot>'
[20:04:42.791][INFO][CraftTweaker]: Adding 'minecraft:smelting' recipe, with name: 'crafttweaker:rusty_iron_ingot_from_weathered_block3' that outputs: '<item:dustrial_decor:rusty_iron_ingot>'
[20:04:42.791][INFO][CraftTweaker]: Removing "minecraft:blasting" recipes with modid: "immersive_weathering"
[20:04:42.791][INFO][CraftTweaker]: Adding 'minecraft:blasting' recipe, with name: 'crafttweaker:immersive_weathering_waxed_noblocks_blastfurnace' that outputs: '<item:dustrial_decor:rusty_iron_nugget>'
[20:04:42.791][INFO][CraftTweaker]: Adding 'minecraft:blasting' recipe, with name: 'crafttweaker:immersive_weathering_waxed_blocks_blastfurnace' that outputs: '<item:dustrial_decor:rusty_iron_ingot>'
[20:04:42.791][INFO][CraftTweaker]: Adding 'minecraft:blasting' recipe, with name: 'crafttweaker:iron_nugget_from_clean_bars_blasting' that outputs: '<item:minecraft:iron_nugget>'
[20:04:42.791][INFO][CraftTweaker]: Adding 'minecraft:blasting' recipe, with name: 'crafttweaker:rusty_iron_nugget_from_exposed_bars_blasting1' that outputs: '<item:dustrial_decor:rusty_iron_nugget>'
[20:04:42.791][INFO][CraftTweaker]: Adding 'minecraft:blasting' recipe, with name: 'crafttweaker:rusty_iron_nugget_from_rusted_bars_blasting2' that outputs: '<item:dustrial_decor:rusty_iron_nugget>'
[20:04:42.791][INFO][CraftTweaker]: Adding 'minecraft:blasting' recipe, with name: 'crafttweaker:rusty_iron_nugget_from_weathered_bars_blasting3' that outputs: '<item:dustrial_decor:rusty_iron_nugget>'
[20:04:42.791][INFO][CraftTweaker]: Adding 'minecraft:blasting' recipe, with name: 'crafttweaker:iron_ingot_from_clean_block_blasting' that outputs: '<item:minecraft:iron_ingot>'
[20:04:42.792][INFO][CraftTweaker]: Adding 'minecraft:blasting' recipe, with name: 'crafttweaker:rusty_iron_ingot_from_exposed_block_blasting1' that outputs: '<item:dustrial_decor:rusty_iron_ingot>'
[20:04:42.792][INFO][CraftTweaker]: Adding 'minecraft:blasting' recipe, with name: 'crafttweaker:rusty_iron_ingot_from_rusted_block_blasting2' that outputs: '<item:dustrial_decor:rusty_iron_ingot>'
[20:04:42.792][INFO][CraftTweaker]: Adding 'minecraft:blasting' recipe, with name: 'crafttweaker:rusty_iron_ingot_from_weathered_block_blasting3' that outputs: '<item:dustrial_decor:rusty_iron_ingot>'
[20:04:42.792][INFO][CraftTweaker]: Removing "minecraft:blasting" recipes with modid: "dustrial_decor"
[20:04:42.792][INFO][CraftTweaker]: Adding 'minecraft:blasting' recipe, with name: 'crafttweaker:ingot_from_sheet' that outputs: '<item:minecraft:iron_ingot>'
[20:04:42.792][INFO][CraftTweaker]: Adding 'create:milling' recipe, with name: 'crafttweaker:ingot_from_rusty_sheet' that outputs: '<item:dustrial_decor:rusty_iron_nugget> * 9'
[20:04:42.792][INFO][CraftTweaker]: Adding 'minecraft:crafting' recipe, of type: "shapeless", with name: 'crafttweaker:rusty_ingot_is_rusty_sheet' that outputs: '<item:dustrial_decor:rusty_sheet_metal>'
[20:04:42.793][INFO][CraftTweaker]: Removing 'crafting' recipes with output: '<item:minecraft:shield>'
[20:04:42.797][INFO][CraftTweaker]: Adding 'minecraft:crafting' recipe, of type: "shaped", with name: 'crafttweaker:shield' that outputs: '<item:minecraft:shield>'
[20:04:42.797][INFO][CraftTweaker]: Adding 'minecraft:crafting' recipe, of type: "shaped", with name: 'crafttweaker:damaged_shield' that outputs: '<item:minecraft:shield>.withDamage(112)'
[20:04:42.797][INFO][CraftTweaker]: Removing 'crafting' recipes with output: '<item:biohazardchanges:leather_ushanka>'
[20:04:42.800][INFO][CraftTweaker]: Adding 'minecraft:crafting' recipe, of type: "shaped", with name: 'crafttweaker:leather_ushanka' that outputs: '<item:biohazardchanges:leather_ushanka>'
[20:04:42.801][INFO][CraftTweaker]: Removing 'crafting' recipes with output: '<item:biohazardchanges:leather_jacket>'
[20:04:42.804][INFO][CraftTweaker]: Adding 'minecraft:crafting' recipe, of type: "shaped", with name: 'crafttweaker:leather_jacket' that outputs: '<item:biohazardchanges:leather_jacket>'
[20:04:42.804][INFO][CraftTweaker]: Removing 'crafting' recipes with output: '<item:biohazardchanges:leather_pants>'
[20:04:42.807][INFO][CraftTweaker]: Adding 'minecraft:crafting' recipe, of type: "shaped", with name: 'crafttweaker:leather_pants' that outputs: '<item:biohazardchanges:leather_pants>'
[20:04:42.807][INFO][CraftTweaker]: Removing 'crafting' recipes with output: '<item:biohazardchanges:leather_boots>'
[20:04:42.811][INFO][CraftTweaker]: Adding 'minecraft:crafting' recipe, of type: "shaped", with name: 'crafttweaker:leather_boots' that outputs: '<item:biohazardchanges:leather_boots>'
[20:04:42.811][INFO][CraftTweaker]: Removing 'crafting' recipes with output: '<item:biohazardchanges:rusted_helmet>'
[20:04:42.814][INFO][CraftTweaker]: Adding 'minecraft:crafting' recipe, of type: "shaped", with name: 'crafttweaker:rusted_helmet' that outputs: '<item:biohazardchanges:rusted_helmet>'
[20:04:42.814][INFO][CraftTweaker]: Removing 'crafting' recipes with output: '<item:biohazardchanges:rusted_chestplate>'
[20:04:42.819][INFO][CraftTweaker]: Adding 'minecraft:crafting' recipe, of type: "shaped", with name: 'crafttweaker:rusted_chestplate' that outputs: '<item:biohazardchanges:rusted_chestplate>'
[20:04:42.819][INFO][CraftTweaker]: Removing 'crafting' recipes with output: '<item:biohazardchanges:rusted_leggings>'
[20:04:42.823][INFO][CraftTweaker]: Adding 'minecraft:crafting' recipe, of type: "shaped", with name: 'crafttweaker:rusted_leggings' that outputs: '<item:biohazardchanges:rusted_leggings>'
[20:04:42.823][INFO][CraftTweaker]: Removing 'crafting' recipes with output: '<item:biohazardchanges:rusted_boots>'
[20:04:42.828][INFO][CraftTweaker]: Adding 'minecraft:crafting' recipe, of type: "shaped", with name: 'crafttweaker:rusted_boots' that outputs: '<item:biohazardchanges:rusted_boots>'
[20:04:42.828][INFO][CraftTweaker]: Removing 'crafting' recipes with output: '<item:biohazardchanges:iron_helmet>'
[20:04:42.834][INFO][CraftTweaker]: Adding 'minecraft:crafting' recipe, of type: "shaped", with name: 'crafttweaker:iron_helmet' that outputs: '<item:biohazardchanges:iron_helmet>'
[20:04:42.834][INFO][CraftTweaker]: Removing 'crafting' recipes with output: '<item:biohazardchanges:iron_chestplate>'
[20:04:42.839][INFO][CraftTweaker]: Adding 'minecraft:crafting' recipe, of type: "shaped", with name: 'crafttweaker:iron_chestplate' that outputs: '<item:biohazardchanges:iron_chestplate>'
[20:04:42.839][INFO][CraftTweaker]: Removing 'crafting' recipes with output: '<item:biohazardchanges:iron_leggings>'
[20:04:42.844][INFO][CraftTweaker]: Adding 'minecraft:crafting' recipe, of type: "shaped", with name: 'crafttweaker:iron_leggings' that outputs: '<item:biohazardchanges:iron_leggings>'
[20:04:42.844][INFO][CraftTweaker]: Adding 'minecraft:crafting' recipe, of type: "shaped", with name: 'crafttweaker:large_ancient_shard_craft' that outputs: '<item:skys_overworld_netherite:large_ancient_shard> * 2'
[20:04:42.844][INFO][CraftTweaker]: Adding 'minecraft:crafting' recipe, of type: "shaped", with name: 'crafttweaker:ancient_debris_craft' that outputs: '<item:minecraft:ancient_debris> * 2'
[20:04:42.844][INFO][CraftTweaker]: Removing 'crafting' recipes with output: '<item:marbledsarsenal:modern_axe>'
[20:04:42.849][INFO][CraftTweaker]: Adding 'minecraft:crafting' recipe, of type: "shaped", with name: 'crafttweaker:modern_axe' that outputs: '<item:marbledsarsenal:modern_axe>'
[20:04:42.849][INFO][CraftTweaker]: Removing 'crafting' recipes with output: '<item:unusual_delight:amethyst_apple>'
[20:04:42.854][INFO][CraftTweaker]: Adding 'minecraft:crafting' recipe, of type: "shaped", with name: 'crafttweaker:organic_compost' that outputs: '<item:farmersdelight:organic_compost>'
[20:04:42.854][INFO][CraftTweaker]: Removing 'crafting' recipes with output: '<item:canned_goods:canned_carrots>'
[20:04:42.859][INFO][CraftTweaker]: Adding 'minecraft:crafting' recipe, of type: "shapeless", with name: 'crafttweaker:canned_pumpkin_pie' that outputs: '<item:canned_goods:canned_carrots>'
[20:04:42.859][INFO][CraftTweaker]: Removing 'crafting' recipes with output: '<item:canned_goods:canned_pumpkin_pie>'
[20:04:42.872][INFO][CraftTweaker]: Adding 'minecraft:crafting' recipe, of type: "shapeless", with name: 'crafttweaker:canned_carrots1' that outputs: '<item:canned_goods:canned_pumpkin_pie>'
[20:04:42.872][INFO][CraftTweaker]: Removing 'crafting' recipes with output: '<item:canned_goods:canned_golden_carrot>'
[20:04:42.877][INFO][CraftTweaker]: Adding 'minecraft:crafting' recipe, of type: "shapeless", with name: 'crafttweaker:canned_carrots2' that outputs: '<item:canned_goods:canned_golden_carrot>'
[20:04:42.877][INFO][CraftTweaker]: Removing 'crafting' recipes with output: '<item:undead_revamp2:chainsword>'
[20:04:42.884][INFO][CraftTweaker]: Removing 'crafting' recipes with output: '<item:harmfulsmoke:pack_of_cigarettes>'
[20:04:42.887][INFO][CraftTweaker]: Adding 'minecraft:crafting' recipe, of type: "shapeless", with name: 'crafttweaker:packofsiggarets' that outputs: '<item:harmfulsmoke:pack_of_cigarettes>'
[20:04:42.887][INFO][CraftTweaker]: Removing 'crafting' recipes with output: '<item:harmfulsmoke:filter_for_cigarettes>'
[20:04:42.889][INFO][CraftTweaker]: Adding 'minecraft:crafting' recipe, of type: "shapeless", with name: 'crafttweaker:cigaretttesfilter' that outputs: '<item:harmfulsmoke:filter_for_cigarettes> * 8'
[20:04:42.890][INFO][CraftTweaker]: Removing "minecraft:crafting" recipes with modid: "dyairdrop"
[20:04:42.892][INFO][CraftTweaker]: Removing 'crafting' recipes with output: '<item:tacz:workbench_b>.withTag({BlockId: "emxarms:emx_workbench"})'
[20:04:42.895][INFO][CraftTweaker]: Adding 'minecraft:crafting' recipe, of type: "shaped", with name: 'crafttweaker:emx_workbench' that outputs: '<item:tacz:workbench_b>.withTag({BlockId: "emxarms:emx_workbench"})'
[20:04:42.895][INFO][CraftTweaker]: Removing 'crafting' recipes with output: '<item:undead_revamp2:woodennest>'
[20:04:42.897][INFO][CraftTweaker]: Removing 'crafting' recipes with output: '<item:farmersdelight:rope>'
[20:04:42.899][INFO][CraftTweaker]: Adding 'minecraft:crafting' recipe, of type: "shaped", with name: 'crafttweaker:delights_rope' that outputs: '<item:farmersdelight:rope>'
[20:04:42.899][INFO][CraftTweaker]: Adding 'minecraft:crafting' recipe, of type: "shaped", with name: 'crafttweaker:delights_rope2' that outputs: '<item:farmersdelight:rope> * 2'
[20:04:42.899][INFO][CraftTweaker]: Adding 'minecraft:crafting' recipe, of type: "shaped", with name: 'crafttweaker:riot_shield' that outputs: '<item:biohazardchanges:riot_shield>'
[20:04:42.899][INFO][CraftTweaker]: Adding 'minecraft:crafting' recipe, of type: "shaped", with name: 'crafttweaker:wedge_shield' that outputs: '<item:biohazardchanges:wedge_shield>'
[20:04:42.900][INFO][CraftTweaker]: Adding 'minecraft:crafting' recipe, of type: "shaped", with name: 'crafttweaker:antenna' that outputs: '<item:biohazardchanges:antenna>'
[20:04:42.900][INFO][CraftTweaker]: Adding 'minecraft:crafting' recipe, of type: "shaped", with name: 'crafttweaker:console' that outputs: '<item:biohazardchanges:console>'
[20:04:42.900][INFO][CraftTweaker]: Adding 'minecraft:crafting' recipe, of type: "shapeless", with name: 'crafttweaker:pig_skin' that outputs: '<item:butcher:pig_skin> * 2'
[20:04:42.900][INFO][CraftTweaker]: Removing 'crafting' recipes with output: '<item:immersive_aircraft:gyrodyne>'
[20:04:42.902][INFO][CraftTweaker]: Removing 'crafting' recipes with output: '<item:immersive_aircraft:quadrocopter>'
[20:04:42.904][INFO][CraftTweaker]: Removing 'crafting' recipes with output: '<item:immersive_machinery:bamboo_bee>'
[20:04:42.906][INFO][CraftTweaker]: Adding 'minecraft:crafting' recipe, of type: "shaped", with name: 'crafttweaker:saltpetre2' that outputs: '<item:psg:saltpetre> * 2'
[20:04:42.907][INFO][CraftTweaker]: Adding 'create:mixing' recipe, with name: 'crafttweaker:saltpetre_mixed' that outputs: '<item:psg:saltpetre> * 5'
[20:04:42.907][INFO][CraftTweaker]: Adding 'create:mixing' recipe, with name: 'crafttweaker:gunpowder_mixed' that outputs: '<item:minecraft:gunpowder> * 30'
[20:04:42.908][INFO][CraftTweaker]: Adding 'create:filling' recipe, with name: 'crafttweaker:end_stone_bio' that outputs: '<item:minecraft:end_stone>'
[20:04:42.908][INFO][CraftTweaker]: Adding 'create:filling' recipe, with name: 'crafttweaker:chorus_flower_bio' that outputs: '<item:minecraft:chorus_flower>'
[20:04:42.908][INFO][CraftTweaker]: Adding 'minecraft:crafting' recipe, of type: "shapeless", with name: 'crafttweaker:oak_leaves' that outputs: '<item:minecraft:oak_leaves>'
[20:04:42.908][INFO][CraftTweaker]: Adding 'create:milling' recipe, with name: 'crafttweaker:leather_milled' that outputs: '<item:minecraft:rabbit_hide>.withTag({display: {Name: "{\"text\":\"Leather offcuts\"}"}})'
[20:04:42.909][INFO][CraftTweaker]: Adding 'create:milling' recipe, with name: 'crafttweaker:fox_weed_milled' that outputs: '<item:cure:fox_weed_paste>'
[20:04:42.909][INFO][CraftTweaker]: Removing 'crafting' recipes with output: '<item:marbledsarsenal:hazmat_armor_helmet>'
[20:04:42.911][INFO][CraftTweaker]: Adding 'minecraft:crafting' recipe, of type: "shaped", with name: 'crafttweaker:hazard_helmet' that outputs: '<item:marbledsarsenal:hazmat_armor_helmet>'
[20:04:42.911][INFO][CraftTweaker]: Removing 'crafting' recipes with output: '<item:marbledsarsenal:hazmat_armor_chestplate>'
[20:04:42.913][INFO][CraftTweaker]: Adding 'minecraft:crafting' recipe, of type: "shaped", with name: 'crafttweaker:hazard_chestplate' that outputs: '<item:marbledsarsenal:hazmat_armor_chestplate>'
[20:04:42.913][INFO][CraftTweaker]: Removing 'crafting' recipes with output: '<item:marbledsarsenal:hazmat_armor_leggings>'
[20:04:42.917][INFO][CraftTweaker]: Adding 'minecraft:crafting' recipe, of type: "shaped", with name: 'crafttweaker:hazard_leggins' that outputs: '<item:marbledsarsenal:hazmat_armor_leggings>'
[20:04:42.917][INFO][CraftTweaker]: Removing 'crafting' recipes with output: '<item:backpacked:backpack>'
[20:04:42.921][INFO][CraftTweaker]: Adding 'minecraft:crafting' recipe, of type: "shaped", with name: 'crafttweaker:backpack' that outputs: '<item:backpacked:backpack>'
[20:04:42.921][INFO][CraftTweaker]: Adding 'create:milling' recipe, with name: 'crafttweaker:can_crush' that outputs: '<item:minecraft:iron_nugget> * 9'
[20:04:42.922][INFO][CraftTweaker]: Adding 'minecraft:crafting' recipe, of type: "shaped", with name: 'crafttweaker:shears2' that outputs: '<item:minecraft:shears>.withDamage(138)'
[20:04:42.922][INFO][CraftTweaker]: Adding 'minecraft:crafting' recipe, of type: "shaped", with name: 'crafttweaker:leafs' that outputs: '<item:minecraft:spruce_leaves>'
[20:04:42.922][INFO][CraftTweaker]: Adding 'minecraft:crafting' recipe, of type: "shapeless", with name: 'crafttweaker:sal1' that outputs: '<item:butcher:salt>'
[20:04:42.922][INFO][CraftTweaker]: Adding 'minecraft:crafting' recipe, of type: "shapeless", with name: 'crafttweaker:sal2' that outputs: '<item:butcher:salt>'
[20:04:42.922][INFO][CraftTweaker]: Removing 'crafting' recipes with output: '<item:archeryexp:gold_arrow>'
[20:04:42.925][INFO][CraftTweaker]: Removing 'crafting' recipes with output: '<item:archeryexp:iron_arrow>'
[20:04:42.927][INFO][CraftTweaker]: Removing 'crafting' recipes with output: '<item:archeryexp:diamond_arrow>'
[20:04:42.929][INFO][CraftTweaker]: Removing 'crafting' recipes with output: '<item:archeryexp:netherite_arrow>'
[20:04:42.931][INFO][CraftTweaker]: Adding 'minecraft:crafting' recipe, of type: "shaped", with name: 'crafttweaker:arrowgold' that outputs: '<item:archeryexp:gold_arrow> * 6'
[20:04:42.931][INFO][CraftTweaker]: Adding 'minecraft:crafting' recipe, of type: "shaped", with name: 'crafttweaker:arrowiron' that outputs: '<item:archeryexp:iron_arrow> * 6'
[20:04:42.931][INFO][CraftTweaker]: Adding 'minecraft:crafting' recipe, of type: "shaped", with name: 'crafttweaker:arrowdiamond' that outputs: '<item:archeryexp:diamond_arrow> * 6'
[20:04:42.932][INFO][CraftTweaker]: Adding 'minecraft:crafting' recipe, of type: "shaped", with name: 'crafttweaker:arrownetherite' that outputs: '<item:archeryexp:netherite_arrow> * 2'
[20:04:42.932][INFO][CraftTweaker]: Adding 'minecraft:crafting' recipe, of type: "shaped", with name: 'crafttweaker:arrownetherite12' that outputs: '<item:archeryexp:netherite_arrow> * 12'
[20:04:42.932][INFO][CraftTweaker]: Adding 'minecraft:crafting' recipe, of type: "shaped", with name: 'crafttweaker:arrowgold2' that outputs: '<item:archeryexp:gold_arrow> * 4'
[20:04:42.932][INFO][CraftTweaker]: Adding 'minecraft:crafting' recipe, of type: "shaped", with name: 'crafttweaker:arrowiron2' that outputs: '<item:archeryexp:iron_arrow> * 4'
[20:04:42.932][INFO][CraftTweaker]: Adding 'minecraft:crafting' recipe, of type: "shaped", with name: 'crafttweaker:arrowdiamond2' that outputs: '<item:archeryexp:diamond_arrow> * 4'
[20:04:42.932][INFO][CraftTweaker]: Adding 'minecraft:crafting' recipe, of type: "shaped", with name: 'crafttweaker:arrownetherite2' that outputs: '<item:archeryexp:netherite_arrow>'
[20:04:42.933][INFO][CraftTweaker]: Adding 'minecraft:crafting' recipe, of type: "shaped", with name: 'crafttweaker:arrownetherite22' that outputs: '<item:archeryexp:netherite_arrow> * 8'
[20:04:42.933][INFO][CraftTweaker]: Adding 'create:mixing' recipe, with name: 'crafttweaker:copper_sulfate' that outputs: '<item:psg:copper_sulfate>'
[20:04:42.933][INFO][CraftTweaker]: Adding 'create:crushing' recipe, with name: 'crafttweaker:deepslate_sulphur_ore' that outputs: '<item:psg:sulphur> * 4'
[20:04:42.934][INFO][CraftTweaker]: Adding 'minecraft:crafting' recipe, of type: "shapeless", with name: 'crafttweaker:gunpowder3' that outputs: '<item:minecraft:gunpowder> * 3'
[20:04:42.934][INFO][CraftTweaker]: Adding 'minecraft:crafting' recipe, of type: "shapeless", with name: 'crafttweaker:gunpowder5' that outputs: '<item:minecraft:gunpowder> * 5'
[20:04:42.934][INFO][CraftTweaker]: Adding 'minecraft:crafting' recipe, of type: "shapeless", with name: 'crafttweaker:gunpowder_sack' that outputs: '<item:quark:gunpowder_sack> * 4'
[20:04:42.934][INFO][CraftTweaker]: Adding 'minecraft:crafting' recipe, of type: "shapeless", with name: 'crafttweaker:gunpouder_sack_to_gunpowder' that outputs: '<item:minecraft:gunpowder> * 9'
[20:04:42.934][INFO][CraftTweaker]: Adding 'minecraft:crafting' recipe, of type: "shapeless", with name: 'crafttweaker:gunpowdersack' that outputs: '<item:quark:gunpowder_sack>'
[20:04:42.935][INFO][CraftTweaker]: Removing 'crafting' recipes with output: '<item:radioactive:shoddy_geiger_counter>'
[20:04:42.937][INFO][CraftTweaker]: Adding 'minecraft:crafting' recipe, of type: "shaped", with name: 'crafttweaker:shoddy_geiger_counter' that outputs: '<item:radioactive:shoddy_geiger_counter>'
[20:04:42.937][INFO][CraftTweaker]: Removing 'crafting' recipes with output: '<item:radioactive:upgrade_1>'
[20:04:42.939][INFO][CraftTweaker]: Adding 'minecraft:crafting' recipe, of type: "shaped", with name: 'crafttweaker:radioactive_upgrade_1' that outputs: '<item:radioactive:upgrade_1>'
[20:04:42.939][INFO][CraftTweaker]: Removing 'crafting' recipes with output: '<item:radioactive:upgrade_2>'
[20:04:42.941][INFO][CraftTweaker]: Adding 'minecraft:crafting' recipe, of type: "shaped", with name: 'crafttweaker:radioactive_upgrade_2' that outputs: '<item:radioactive:upgrade_2>'
[20:04:42.942][INFO][CraftTweaker]: Adding 'create:compacting' recipe, with name: 'crafttweaker:radioactive_upgrade_1_to_2' that outputs: '<item:radioactive:upgrade_2>'
[20:04:42.942][INFO][CraftTweaker]: Removing 'crafting' recipes with output: '<item:radioactive:upgrade_3>'
[20:04:42.944][INFO][CraftTweaker]: Adding 'minecraft:crafting' recipe, of type: "shaped", with name: 'crafttweaker:radioactive_upgrade_3' that outputs: '<item:radioactive:upgrade_3>'
[20:04:42.944][INFO][CraftTweaker]: Adding 'create:compacting' recipe, with name: 'crafttweaker:radioactive_upgrade_2_to_3' that outputs: '<item:radioactive:upgrade_3>'
[20:04:42.944][INFO][CraftTweaker]: Removing 'crafting' recipes with output: '<item:radioactive:geiger_counter>'
[20:04:42.946][INFO][CraftTweaker]: Adding 'minecraft:crafting' recipe, of type: "shaped", with name: 'crafttweaker:geiger_counter' that outputs: '<item:radioactive:geiger_counter>'
[20:04:42.946][INFO][CraftTweaker]: Removing 'crafting' recipes with output: '<item:radioactive:decontaminator>'
[20:04:42.948][INFO][CraftTweaker]: Adding 'minecraft:crafting' recipe, of type: "shaped", with name: 'crafttweaker:decontaminator' that outputs: '<item:radioactive:decontaminator>'
[20:04:42.948][INFO][CraftTweaker]: Removing 'crafting' recipes with output: '<item:radioactive:radiation_absorber_tier_1>'
[20:04:42.950][INFO][CraftTweaker]: Adding 'minecraft:crafting' recipe, of type: "shaped", with name: 'crafttweaker:radiation_absorber_tier_1' that outputs: '<item:radioactive:radiation_absorber_tier_1>'
[20:04:42.950][INFO][CraftTweaker]: Removing 'crafting' recipes with output: '<item:radioactive:radiation_absorber_tier_2>'
[20:04:42.952][INFO][CraftTweaker]: Adding 'minecraft:crafting' recipe, of type: "shaped", with name: 'crafttweaker:radiation_absorber_tier_2' that outputs: '<item:radioactive:radiation_absorber_tier_2>'
[20:04:42.952][INFO][CraftTweaker]: Adding 'minecraft:crafting' recipe, of type: "shaped", with name: 'crafttweaker:syringe8' that outputs: '<item:cure:syringe> * 8'
[20:04:42.952][INFO][CraftTweaker]: Removing 'crafting' recipes with output: '<item:radioactive:radaway_basic>'
[20:04:42.954][INFO][CraftTweaker]: Adding 'minecraft:crafting' recipe, of type: "shapeless", with name: 'crafttweaker:radaway_basic' that outputs: '<item:radioactive:radaway_basic>'
[20:04:42.954][INFO][CraftTweaker]: Removing 'crafting' recipes with output: '<item:radioactive:radaway_advanced>'
[20:04:42.956][INFO][CraftTweaker]: Adding 'minecraft:crafting' recipe, of type: "shapeless", with name: 'crafttweaker:radaway_advanced1' that outputs: '<item:radioactive:radaway_advanced>'
[20:04:42.956][INFO][CraftTweaker]: Adding 'minecraft:crafting' recipe, of type: "shapeless", with name: 'crafttweaker:radaway_advanced2' that outputs: '<item:radioactive:radaway_advanced>'
[20:04:42.956][INFO][CraftTweaker]: Adding 'minecraft:crafting' recipe, of type: "shapeless", with name: 'crafttweaker:radaway_advanced3' that outputs: '<item:radioactive:radaway_advanced>'
[20:04:42.956][INFO][CraftTweaker]: Removing 'crafting' recipes with output: '<item:radioactive:radaway_ultimate>'
[20:04:42.958][INFO][CraftTweaker]: Adding 'minecraft:crafting' recipe, of type: "shapeless", with name: 'crafttweaker:radaway_ultimate' that outputs: '<item:radioactive:radaway_ultimate>'
[20:04:42.958][INFO][CraftTweaker]: Removing 'crafting' recipes with output: '<item:radioactive:radx_basic>'
[20:04:42.960][INFO][CraftTweaker]: Adding 'minecraft:crafting' recipe, of type: "shaped", with name: 'crafttweaker:radx_basic' that outputs: '<item:radioactive:radx_basic>'
[20:04:42.960][INFO][CraftTweaker]: Adding 'minecraft:crafting' recipe, of type: "shaped", with name: 'crafttweaker:radiation_bioscanner' that outputs: '<item:radioactive:radiation_bioscanner>'
[20:04:42.961][INFO][CraftTweaker]: Adding 'minecraft:crafting' recipe, of type: "shaped", with name: 'crafttweaker:radiation_detector' that outputs: '<item:radioactive:radiation_detector>'
[20:04:42.962][INFO][CraftTweaker]: Removing 'crafting' recipes with output: '<item:farmersdelight:flint_knife>'
[20:04:42.964][INFO][CraftTweaker]: Adding 'minecraft:crafting' recipe, of type: "shaped", with name: 'crafttweaker:flint_knife' that outputs: '<item:farmersdelight:flint_knife>'
[20:04:42.964][INFO][CraftTweaker]: Removing 'crafting' recipes with output: '<item:minecraft:stone_axe>'
[20:04:42.966][INFO][CraftTweaker]: Adding 'minecraft:crafting' recipe, of type: "shaped", with name: 'crafttweaker:stone_axe1' that outputs: '<item:minecraft:stone_axe>'
[20:04:42.966][INFO][CraftTweaker]: Adding 'minecraft:crafting' recipe, of type: "shaped", with name: 'crafttweaker:stone_axe2' that outputs: '<item:minecraft:stone_axe>'
[20:04:42.966][INFO][CraftTweaker]: Removing 'crafting' recipes with output: '<item:minecraft:stone_pickaxe>'
[20:04:42.968][INFO][CraftTweaker]: Adding 'minecraft:crafting' recipe, of type: "shaped", with name: 'crafttweaker:stone_pickaxe' that outputs: '<item:minecraft:stone_pickaxe>'
[20:04:42.968][INFO][CraftTweaker]: Removing 'crafting' recipes with output: '<item:minecraft:stone_hoe>'
[20:04:42.970][INFO][CraftTweaker]: Adding 'minecraft:crafting' recipe, of type: "shaped", with name: 'crafttweaker:stone_hoe1' that outputs: '<item:minecraft:stone_hoe>'
[20:04:42.970][INFO][CraftTweaker]: Adding 'minecraft:crafting' recipe, of type: "shaped", with name: 'crafttweaker:stone_hoe2' that outputs: '<item:minecraft:stone_hoe>'
[20:04:42.970][INFO][CraftTweaker]: Removing 'crafting' recipes with output: '<item:minecraft:stone_sword>'
[20:04:42.972][INFO][CraftTweaker]: Adding 'minecraft:crafting' recipe, of type: "shaped", with name: 'crafttweaker:stone_sword1' that outputs: '<item:minecraft:stone_sword>'
[20:04:42.973][INFO][CraftTweaker]: Adding 'minecraft:crafting' recipe, of type: "shaped", with name: 'crafttweaker:stone_sword2' that outputs: '<item:minecraft:stone_sword>'
[20:04:42.973][INFO][CraftTweaker]: Removing 'crafting' recipes with output: '<item:minecraft:stone_shovel>'
[20:04:42.975][INFO][CraftTweaker]: Adding 'minecraft:crafting' recipe, of type: "shaped", with name: 'crafttweaker:stone_shovel' that outputs: '<item:minecraft:stone_shovel>'
[20:04:42.975][INFO][CraftTweaker]: Removing 'crafting' recipes with output: '<item:minecraft:iron_axe>'
[20:04:42.977][INFO][CraftTweaker]: Adding 'minecraft:crafting' recipe, of type: "shaped", with name: 'crafttweaker:iron_axe1' that outputs: '<item:minecraft:iron_axe>'
[20:04:42.977][INFO][CraftTweaker]: Adding 'minecraft:crafting' recipe, of type: "shaped", with name: 'crafttweaker:iron_axe2' that outputs: '<item:minecraft:iron_axe>'
[20:04:42.977][INFO][CraftTweaker]: Removing 'crafting' recipes with output: '<item:minecraft:iron_pickaxe>'
[20:04:42.979][INFO][CraftTweaker]: Adding 'minecraft:crafting' recipe, of type: "shaped", with name: 'crafttweaker:iron_pickaxe' that outputs: '<item:minecraft:iron_pickaxe>'
[20:04:42.979][INFO][CraftTweaker]: Removing 'crafting' recipes with output: '<item:minecraft:iron_hoe>'
[20:04:42.981][INFO][CraftTweaker]: Adding 'minecraft:crafting' recipe, of type: "shaped", with name: 'crafttweaker:iron_hoe1' that outputs: '<item:minecraft:iron_hoe>'
[20:04:42.981][INFO][CraftTweaker]: Adding 'minecraft:crafting' recipe, of type: "shaped", with name: 'crafttweaker:iron_hoe2' that outputs: '<item:minecraft:iron_hoe>'
[20:04:42.981][INFO][CraftTweaker]: Removing 'crafting' recipes with output: '<item:minecraft:iron_sword>'
[20:04:42.983][INFO][CraftTweaker]: Adding 'minecraft:crafting' recipe, of type: "shaped", with name: 'crafttweaker:iron_sword1' that outputs: '<item:minecraft:iron_sword>'
[20:04:42.983][INFO][CraftTweaker]: Adding 'minecraft:crafting' recipe, of type: "shaped", with name: 'crafttweaker:iron_sword2' that outputs: '<item:minecraft:iron_sword>'
[20:04:42.983][INFO][CraftTweaker]: Removing 'crafting' recipes with output: '<item:minecraft:iron_shovel>'
[20:04:42.985][INFO][CraftTweaker]: Adding 'minecraft:crafting' recipe, of type: "shaped", with name: 'crafttweaker:iron_shovel' that outputs: '<item:minecraft:iron_shovel>'
[20:04:42.985][INFO][CraftTweaker]: Removing 'crafting' recipes with output: '<item:minecraft:golden_axe>'
[20:04:42.987][INFO][CraftTweaker]: Adding 'minecraft:crafting' recipe, of type: "shaped", with name: 'crafttweaker:copper_axe1' that outputs: '<item:minecraft:golden_axe>'
[20:04:42.988][INFO][CraftTweaker]: Adding 'minecraft:crafting' recipe, of type: "shaped", with name: 'crafttweaker:copper_axe2' that outputs: '<item:minecraft:golden_axe>'
[20:04:42.988][INFO][CraftTweaker]: Removing 'crafting' recipes with output: '<item:minecraft:golden_pickaxe>'
[20:04:42.990][INFO][CraftTweaker]: Adding 'minecraft:crafting' recipe, of type: "shaped", with name: 'crafttweaker:copper_pickaxe' that outputs: '<item:minecraft:golden_pickaxe>'
[20:04:42.990][INFO][CraftTweaker]: Removing 'crafting' recipes with output: '<item:minecraft:golden_hoe>'
[20:04:42.992][INFO][CraftTweaker]: Adding 'minecraft:crafting' recipe, of type: "shaped", with name: 'crafttweaker:copper_hoe1' that outputs: '<item:minecraft:golden_hoe>'
[20:04:42.992][INFO][CraftTweaker]: Adding 'minecraft:crafting' recipe, of type: "shaped", with name: 'crafttweaker:copper_hoe2' that outputs: '<item:minecraft:golden_hoe>'
[20:04:42.992][INFO][CraftTweaker]: Removing 'crafting' recipes with output: '<item:minecraft:golden_sword>'
[20:04:42.994][INFO][CraftTweaker]: Adding 'minecraft:crafting' recipe, of type: "shaped", with name: 'crafttweaker:copper_sword1' that outputs: '<item:minecraft:golden_sword>'
[20:04:42.994][INFO][CraftTweaker]: Adding 'minecraft:crafting' recipe, of type: "shaped", with name: 'crafttweaker:copper_sword2' that outputs: '<item:minecraft:golden_sword>'
[20:04:42.994][INFO][CraftTweaker]: Removing 'crafting' recipes with output: '<item:minecraft:golden_shovel>'
[20:04:42.996][INFO][CraftTweaker]: Adding 'minecraft:crafting' recipe, of type: "shaped", with name: 'crafttweaker:copper_shovel' that outputs: '<item:minecraft:golden_shovel>'
[20:04:42.996][INFO][CraftTweaker]: Removing 'crafting' recipes with output: '<item:minecraft:diamond_axe>'
[20:04:42.998][INFO][CraftTweaker]: Adding 'minecraft:crafting' recipe, of type: "shaped", with name: 'crafttweaker:diamond_axe1' that outputs: '<item:minecraft:diamond_axe>'
[20:04:42.998][INFO][CraftTweaker]: Adding 'minecraft:crafting' recipe, of type: "shaped", with name: 'crafttweaker:diamond_axe2' that outputs: '<item:minecraft:diamond_axe>'
[20:04:42.998][INFO][CraftTweaker]: Removing 'crafting' recipes with output: '<item:minecraft:diamond_pickaxe>'
[20:04:43.000][INFO][CraftTweaker]: Adding 'minecraft:crafting' recipe, of type: "shaped", with name: 'crafttweaker:diamond_pickaxe' that outputs: '<item:minecraft:diamond_pickaxe>'
[20:04:43.000][INFO][CraftTweaker]: Removing 'crafting' recipes with output: '<item:minecraft:diamond_hoe>'
[20:04:43.002][INFO][CraftTweaker]: Adding 'minecraft:crafting' recipe, of type: "shaped", with name: 'crafttweaker:diamond_hoe1' that outputs: '<item:minecraft:diamond_hoe>'
[20:04:43.002][INFO][CraftTweaker]: Adding 'minecraft:crafting' recipe, of type: "shaped", with name: 'crafttweaker:diamond_hoe2' that outputs: '<item:minecraft:diamond_hoe>'
[20:04:43.002][INFO][CraftTweaker]: Removing 'crafting' recipes with output: '<item:minecraft:diamond_sword>'
[20:04:43.004][INFO][CraftTweaker]: Adding 'minecraft:crafting' recipe, of type: "shaped", with name: 'crafttweaker:diamond_sword1' that outputs: '<item:minecraft:diamond_sword>'
[20:04:43.004][INFO][CraftTweaker]: Adding 'minecraft:crafting' recipe, of type: "shaped", with name: 'crafttweaker:diamond_sword2' that outputs: '<item:minecraft:diamond_sword>'
[20:04:43.005][INFO][CraftTweaker]: Removing 'crafting' recipes with output: '<item:minecraft:diamond_shovel>'
[20:04:43.006][INFO][CraftTweaker]: Adding 'minecraft:crafting' recipe, of type: "shaped", with name: 'crafttweaker:diamond_shovel' that outputs: '<item:minecraft:diamond_shovel>'
[20:04:43.008][INFO][CraftTweaker]: Adding 'minecraft:crafting' recipe, of type: "shaped", with name: 'crafttweaker:bop_umbran_chest' that outputs: '<item:quark:warped_chest>'
[20:04:43.008][INFO][CraftTweaker]: Adding 'minecraft:crafting' recipe, of type: "shaped", with name: 'crafttweaker:bop_fir_chest' that outputs: '<item:quark:birch_chest>'
[20:04:43.008][INFO][CraftTweaker]: Adding 'minecraft:crafting' recipe, of type: "shaped", with name: 'crafttweaker:bop_redwood_chest' that outputs: '<item:quark:blossom_chest>'
[20:04:43.008][INFO][CraftTweaker]: Adding 'minecraft:crafting' recipe, of type: "shaped", with name: 'crafttweaker:bop_mahogany_chest' that outputs: '<item:quark:crimson_chest>'
[20:04:43.008][INFO][CraftTweaker]: Adding 'minecraft:crafting' recipe, of type: "shaped", with name: 'crafttweaker:bop_hellbark_chest' that outputs: '<item:quark:dark_oak_chest>'
[20:04:43.008][INFO][CraftTweaker]: Adding 'minecraft:crafting' recipe, of type: "shaped", with name: 'crafttweaker:bop_jacaranda_chest' that outputs: '<item:quark:birch_chest>'
[20:04:43.009][INFO][CraftTweaker]: Adding 'minecraft:crafting' recipe, of type: "shaped", with name: 'crafttweaker:bop_palm_chest' that outputs: '<item:quark:oak_chest>'
[20:04:43.009][INFO][CraftTweaker]: Adding 'minecraft:crafting' recipe, of type: "shaped", with name: 'crafttweaker:bop_willow_chest' that outputs: '<item:quark:azalea_chest>'
[20:04:43.009][INFO][CraftTweaker]: Adding 'minecraft:crafting' recipe, of type: "shaped", with name: 'crafttweaker:bop_magic_chest' that outputs: '<item:quark:warped_chest>'
[20:04:43.009][INFO][CraftTweaker]: Adding 'minecraft:crafting' recipe, of type: "shaped", with name: 'crafttweaker:bop_dead_chest' that outputs: '<item:quark:birch_chest>'
[20:04:43.009][INFO][CraftTweaker]: Adding 'minecraft:crafting' recipe, of type: "shaped", with name: 'crafttweaker:bop_umbran_chest_log' that outputs: '<item:quark:warped_chest> * 4'
[20:04:43.009][INFO][CraftTweaker]: Adding 'minecraft:crafting' recipe, of type: "shaped", with name: 'crafttweaker:bop_umbran_chest_wood' that outputs: '<item:quark:warped_chest> * 4'
[20:04:43.009][INFO][CraftTweaker]: Adding 'minecraft:crafting' recipe, of type: "shaped", with name: 'crafttweaker:bop_umbran_chest_stripped_log' that outputs: '<item:quark:warped_chest> * 4'
[20:04:43.010][INFO][CraftTweaker]: Adding 'minecraft:crafting' recipe, of type: "shaped", with name: 'crafttweaker:bop_umbran_chest_stripped_wood' that outputs: '<item:quark:warped_chest> * 4'
[20:04:43.010][INFO][CraftTweaker]: Adding 'minecraft:crafting' recipe, of type: "shaped", with name: 'crafttweaker:bop_fir_chest_log' that outputs: '<item:quark:birch_chest> * 4'
[20:04:43.010][INFO][CraftTweaker]: Adding 'minecraft:crafting' recipe, of type: "shaped", with name: 'crafttweaker:bop_fir_chest_wood' that outputs: '<item:quark:birch_chest> * 4'
[20:04:43.010][INFO][CraftTweaker]: Adding 'minecraft:crafting' recipe, of type: "shaped", with name: 'crafttweaker:bop_fir_chest_stripped_log' that outputs: '<item:quark:birch_chest> * 4'
[20:04:43.010][INFO][CraftTweaker]: Adding 'minecraft:crafting' recipe, of type: "shaped", with name: 'crafttweaker:bop_fir_chest_stripped_wood' that outputs: '<item:quark:birch_chest> * 4'
[20:04:43.010][INFO][CraftTweaker]: Adding 'minecraft:crafting' recipe, of type: "shaped", with name: 'crafttweaker:bop_redwood_chest_log' that outputs: '<item:quark:blossom_chest> * 4'
[20:04:43.010][INFO][CraftTweaker]: Adding 'minecraft:crafting' recipe, of type: "shaped", with name: 'crafttweaker:bop_redwood_chest_wood' that outputs: '<item:quark:blossom_chest> * 4'
[20:04:43.010][INFO][CraftTweaker]: Adding 'minecraft:crafting' recipe, of type: "shaped", with name: 'crafttweaker:bop_redwood_chest_stripped_log' that outputs: '<item:quark:blossom_chest> * 4'
[20:04:43.010][INFO][CraftTweaker]: Adding 'minecraft:crafting' recipe, of type: "shaped", with name: 'crafttweaker:bop_redwood_chest_stripped_wood' that outputs: '<item:quark:blossom_chest> * 4'
[20:04:43.011][INFO][CraftTweaker]: Adding 'minecraft:crafting' recipe, of type: "shaped", with name: 'crafttweaker:bop_mahogany_chest_log' that outputs: '<item:quark:crimson_chest> * 4'
[20:04:43.011][INFO][CraftTweaker]: Adding 'minecraft:crafting' recipe, of type: "shaped", with name: 'crafttweaker:bop_mahogany_chest_wood' that outputs: '<item:quark:crimson_chest> * 4'
[20:04:43.011][INFO][CraftTweaker]: Adding 'minecraft:crafting' recipe, of type: "shaped", with name: 'crafttweaker:bop_mahogany_chest_stripped_log' that outputs: '<item:quark:crimson_chest> * 4'
[20:04:43.011][INFO][CraftTweaker]: Adding 'minecraft:crafting' recipe, of type: "shaped", with name: 'crafttweaker:bop_mahogany_chest_stripped_wood' that outputs: '<item:quark:crimson_chest> * 4'
[20:04:43.011][INFO][CraftTweaker]: Adding 'minecraft:crafting' recipe, of type: "shaped", with name: 'crafttweaker:bop_jacaranda_chest_log' that outputs: '<item:quark:birch_chest> * 4'
[20:04:43.011][INFO][CraftTweaker]: Adding 'minecraft:crafting' recipe, of type: "shaped", with name: 'crafttweaker:bop_jacaranda_chest_wood' that outputs: '<item:quark:birch_chest> * 4'
[20:04:43.011][INFO][CraftTweaker]: Adding 'minecraft:crafting' recipe, of type: "shaped", with name: 'crafttweaker:bop_jacaranda_chest_stripped_log' that outputs: '<item:quark:birch_chest> * 4'
[20:04:43.012][INFO][CraftTweaker]: Adding 'minecraft:crafting' recipe, of type: "shaped", with name: 'crafttweaker:bop_jacaranda_chest_stripped_wood' that outputs: '<item:quark:birch_chest> * 4'
[20:04:43.012][INFO][CraftTweaker]: Adding 'minecraft:crafting' recipe, of type: "shaped", with name: 'crafttweaker:bop_palm_chest_log' that outputs: '<item:quark:oak_chest> * 4'
[20:04:43.012][INFO][CraftTweaker]: Adding 'minecraft:crafting' recipe, of type: "shaped", with name: 'crafttweaker:bop_palm_chest_wood' that outputs: '<item:quark:oak_chest> * 4'
[20:04:43.012][INFO][CraftTweaker]: Adding 'minecraft:crafting' recipe, of type: "shaped", with name: 'crafttweaker:bop_palm_chest_stripped_log' that outputs: '<item:quark:oak_chest> * 4'
[20:04:43.012][INFO][CraftTweaker]: Adding 'minecraft:crafting' recipe, of type: "shaped", with name: 'crafttweaker:bop_palm_chest_stripped_wood' that outputs: '<item:quark:oak_chest> * 4'
[20:04:43.012][INFO][CraftTweaker]: Adding 'minecraft:crafting' recipe, of type: "shaped", with name: 'crafttweaker:bop_willow_chest_log' that outputs: '<item:quark:azalea_chest> * 4'
[20:04:43.012][INFO][CraftTweaker]: Adding 'minecraft:crafting' recipe, of type: "shaped", with name: 'crafttweaker:bop_willow_chest_wood' that outputs: '<item:quark:azalea_chest> * 4'
[20:04:43.012][INFO][CraftTweaker]: Adding 'minecraft:crafting' recipe, of type: "shaped", with name: 'crafttweaker:bop_willow_chest_stripped_log' that outputs: '<item:quark:azalea_chest> * 4'
[20:04:43.013][INFO][CraftTweaker]: Adding 'minecraft:crafting' recipe, of type: "shaped", with name: 'crafttweaker:bop_willow_chest_stripped_wood' that outputs: '<item:quark:azalea_chest> * 4'
[20:04:43.013][INFO][CraftTweaker]: Adding 'minecraft:crafting' recipe, of type: "shaped", with name: 'crafttweaker:bop_magic_chest_log' that outputs: '<item:quark:warped_chest> * 4'
[20:04:43.013][INFO][CraftTweaker]: Adding 'minecraft:crafting' recipe, of type: "shaped", with name: 'crafttweaker:bop_magic_chest_wood' that outputs: '<item:quark:warped_chest> * 4'
[20:04:43.013][INFO][CraftTweaker]: Adding 'minecraft:crafting' recipe, of type: "shaped", with name: 'crafttweaker:bop_magic_chest_stripped_log' that outputs: '<item:quark:warped_chest> * 4'
[20:04:43.013][INFO][CraftTweaker]: Adding 'minecraft:crafting' recipe, of type: "shaped", with name: 'crafttweaker:bop_magic_chest_stripped_wood' that outputs: '<item:quark:warped_chest> * 4'
[20:04:43.013][INFO][CraftTweaker]: Adding 'minecraft:crafting' recipe, of type: "shaped", with name: 'crafttweaker:bop_dead_chest_log' that outputs: '<item:quark:birch_chest> * 4'
[20:04:43.013][INFO][CraftTweaker]: Adding 'minecraft:crafting' recipe, of type: "shaped", with name: 'crafttweaker:bop_dead_chest_wood' that outputs: '<item:quark:birch_chest> * 4'
[20:04:43.013][INFO][CraftTweaker]: Adding 'minecraft:crafting' recipe, of type: "shaped", with name: 'crafttweaker:bop_dead_chest_stripped_log' that outputs: '<item:quark:birch_chest> * 4'
[20:04:43.013][INFO][CraftTweaker]: Adding 'minecraft:crafting' recipe, of type: "shaped", with name: 'crafttweaker:bop_dead_chest_stripped_wood' that outputs: '<item:quark:birch_chest> * 4'
[20:04:43.014][INFO][CraftTweaker]: Adding 'minecraft:crafting' recipe, of type: "shaped", with name: 'crafttweaker:bop_hellbark_chest_log' that outputs: '<item:quark:dark_oak_chest> * 4'
[20:04:43.014][INFO][CraftTweaker]: Adding 'minecraft:crafting' recipe, of type: "shaped", with name: 'crafttweaker:bop_hellbark_chest_wood' that outputs: '<item:quark:dark_oak_chest> * 4'
[20:04:43.014][INFO][CraftTweaker]: Adding 'minecraft:crafting' recipe, of type: "shaped", with name: 'crafttweaker:bop_hellbark_chest_stripped_log' that outputs: '<item:quark:dark_oak_chest> * 4'
[20:04:43.014][INFO][CraftTweaker]: Adding 'minecraft:crafting' recipe, of type: "shaped", with name: 'crafttweaker:bop_hellbark_chest_stripped_wood' that outputs: '<item:quark:dark_oak_chest> * 4'
[20:04:43.014][INFO][CraftTweaker]: Adding 'minecraft:crafting' recipe, of type: "shaped", with name: 'crafttweaker:bop_jacaranda_ladder' that outputs: '<item:quark:birch_ladder> * 4'
[20:04:43.014][INFO][CraftTweaker]: Adding 'minecraft:crafting' recipe, of type: "shaped", with name: 'crafttweaker:bop_palm_ladder' that outputs: '<item:quark:jungle_ladder> * 4'
[20:04:43.014][INFO][CraftTweaker]: Adding 'minecraft:crafting' recipe, of type: "shaped", with name: 'crafttweaker:bop_dead_ladder' that outputs: '<item:quark:spruce_ladder> * 4'
[20:04:43.014][INFO][CraftTweaker]: Adding 'minecraft:crafting' recipe, of type: "shaped", with name: 'crafttweaker:bop_willow_ladder' that outputs: '<item:quark:birch_ladder> * 4'
[20:04:43.015][INFO][CraftTweaker]: Adding 'minecraft:crafting' recipe, of type: "shaped", with name: 'crafttweaker:bop_magic_ladder' that outputs: '<item:quark:warped_ladder> * 4'
[20:04:43.015][INFO][CraftTweaker]: Adding 'minecraft:crafting' recipe, of type: "shaped", with name: 'crafttweaker:bop_mahogany_ladder' that outputs: '<item:quark:crimson_ladder> * 4'
[20:04:43.015][INFO][CraftTweaker]: Adding 'minecraft:crafting' recipe, of type: "shaped", with name: 'crafttweaker:bop_hellbark_ladder' that outputs: '<item:quark:dark_oak_ladder> * 4'
[20:04:43.015][INFO][CraftTweaker]: Adding 'minecraft:crafting' recipe, of type: "shaped", with name: 'crafttweaker:bop_fir_ladder' that outputs: '<item:quark:spruce_ladder> * 4'
[20:04:43.015][INFO][CraftTweaker]: Adding 'minecraft:crafting' recipe, of type: "shaped", with name: 'crafttweaker:bop_umbran_ladder' that outputs: '<item:quark:warped_ladder> * 4'
[20:04:43.015][INFO][CraftTweaker]: Adding 'minecraft:crafting' recipe, of type: "shaped", with name: 'crafttweaker:bop_redwood_ladder' that outputs: '<item:quark:mangrove_ladder> * 4'
[20:04:43.015][INFO][CraftTweaker]: Adding 'minecraft:crafting' recipe, of type: "shaped", with name: 'crafttweaker:bop_fir_bookshelf' that outputs: '<item:quark:birch_bookshelf>'
[20:04:43.015][INFO][CraftTweaker]: Adding 'minecraft:crafting' recipe, of type: "shaped", with name: 'crafttweaker:bop_mahogany_bookshelf' that outputs: '<item:quark:crimson_bookshelf>'
[20:04:43.015][INFO][CraftTweaker]: Adding 'minecraft:crafting' recipe, of type: "shaped", with name: 'crafttweaker:bop_palm_bookshelf' that outputs: '<item:quark:jungle_bookshelf>'
[20:04:43.015][INFO][CraftTweaker]: Adding 'minecraft:crafting' recipe, of type: "shaped", with name: 'crafttweaker:bop_dead_bookshelf' that outputs: '<item:quark:birch_bookshelf>'
[20:04:43.016][INFO][CraftTweaker]: Adding 'minecraft:crafting' recipe, of type: "shaped", with name: 'crafttweaker:bop_hellbark_bookshelf' that outputs: '<item:quark:dark_oak_bookshelf>'
[20:04:43.016][INFO][CraftTweaker]: Adding 'minecraft:crafting' recipe, of type: "shaped", with name: 'crafttweaker:bop_redwood_bookshelf' that outputs: '<item:quark:acacia_bookshelf>'
[20:04:43.016][INFO][CraftTweaker]: Adding 'minecraft:crafting' recipe, of type: "shaped", with name: 'crafttweaker:bop_jacaranda_bookshelf' that outputs: '<item:quark:birch_bookshelf>'
[20:04:43.016][INFO][CraftTweaker]: Adding 'minecraft:crafting' recipe, of type: "shaped", with name: 'crafttweaker:bop_willow_bookshelf' that outputs: '<item:quark:birch_bookshelf>'
[20:04:43.016][INFO][CraftTweaker]: Adding 'minecraft:crafting' recipe, of type: "shaped", with name: 'crafttweaker:bop_magic_bookshelf' that outputs: '<item:quark:warped_bookshelf>'
[20:04:43.016][INFO][CraftTweaker]: Adding 'minecraft:crafting' recipe, of type: "shaped", with name: 'crafttweaker:bop_umbran_bookshelf' that outputs: '<item:quark:warped_bookshelf>'
[20:04:43.017][INFO][CraftTweaker]: Adding 'minecraft:crafting' recipe, of type: "shapeless", with name: 'crafttweaker:trap_acacia_chest' that outputs: '<item:quark:acacia_trapped_chest>'
[20:04:43.017][INFO][CraftTweaker]: Adding 'minecraft:crafting' recipe, of type: "shapeless", with name: 'crafttweaker:trap_ancient_chest' that outputs: '<item:quark:ancient_trapped_chest>'
[20:04:43.017][INFO][CraftTweaker]: Adding 'minecraft:crafting' recipe, of type: "shapeless", with name: 'crafttweaker:trap_azalea_chest' that outputs: '<item:quark:azalea_trapped_chest>'
[20:04:43.017][INFO][CraftTweaker]: Adding 'minecraft:crafting' recipe, of type: "shapeless", with name: 'crafttweaker:trap_bamboo_chest' that outputs: '<item:quark:bamboo_trapped_chest>'
[20:04:43.017][INFO][CraftTweaker]: Adding 'minecraft:crafting' recipe, of type: "shapeless", with name: 'crafttweaker:trap_birch_chest' that outputs: '<item:quark:birch_trapped_chest>'
[20:04:43.017][INFO][CraftTweaker]: Adding 'minecraft:crafting' recipe, of type: "shapeless", with name: 'crafttweaker:trap_blossom_chest' that outputs: '<item:quark:blossom_trapped_chest>'
[20:04:43.017][INFO][CraftTweaker]: Adding 'minecraft:crafting' recipe, of type: "shapeless", with name: 'crafttweaker:trap_cherry_chest' that outputs: '<item:quark:cherry_trapped_chest>'
[20:04:43.017][INFO][CraftTweaker]: Adding 'minecraft:crafting' recipe, of type: "shapeless", with name: 'crafttweaker:trap_crimson_chest' that outputs: '<item:quark:crimson_trapped_chest>'
[20:04:43.017][INFO][CraftTweaker]: Adding 'minecraft:crafting' recipe, of type: "shapeless", with name: 'crafttweaker:trap_dark_oak_chest' that outputs: '<item:quark:dark_oak_trapped_chest>'
[20:04:43.017][INFO][CraftTweaker]: Adding 'minecraft:crafting' recipe, of type: "shapeless", with name: 'crafttweaker:trap_jungle_chest' that outputs: '<item:quark:jungle_trapped_chest>'
[20:04:43.018][INFO][CraftTweaker]: Adding 'minecraft:crafting' recipe, of type: "shapeless", with name: 'crafttweaker:trap_mangrove_chest' that outputs: '<item:quark:mangrove_trapped_chest>'
[20:04:43.018][INFO][CraftTweaker]: Adding 'minecraft:crafting' recipe, of type: "shapeless", with name: 'crafttweaker:trap_oak_chest' that outputs: '<item:quark:oak_trapped_chest>'
[20:04:43.018][INFO][CraftTweaker]: Adding 'minecraft:crafting' recipe, of type: "shapeless", with name: 'crafttweaker:trap_spruce_chest' that outputs: '<item:quark:spruce_trapped_chest>'
[20:04:43.018][INFO][CraftTweaker]: Adding 'minecraft:crafting' recipe, of type: "shapeless", with name: 'crafttweaker:trap_warped_chest' that outputs: '<item:quark:warped_trapped_chest>'
[20:04:43.018][INFO][CraftTweaker-ZenCode]: Execution for loader 'crafttweaker' completed successfully
[20:04:43.021][INFO][CraftTweaker]: crafttweaker.reload.complete
