Trying to load common config
Trying to load client config
Config files are up to date, skipping data/asset generation
Loaded entity minecraft:zombie as entity.minecraft.zombie with weight 40, min day 0 and max day 25
Loaded entity minecraft:zombie_villager as entity.minecraft.zombie_villager with weight 3, min day 0 and max day 25
Loaded entity minecraft:zombie as entity.minecraft.zombie with weight 30, min day 20 and max day 45
Loaded entity minecraft:husk as entity.minecraft.husk with weight 25, min day 20 and max day 45
Loaded entity minecraft:husk as entity.minecraft.husk with weight 35, min day 40 and max day 65
Loaded entity minecraft:zombie as entity.minecraft.zombie with weight 20, min day 40 and max day 65
Loaded entity minecraft:drowned as entity.minecraft.drowned with weight 3, min day 40 and max day 65
Loaded entity minecraft:husk as entity.minecraft.husk with weight 30, min day 60 and max day 0
Loaded entity minecraft:zombie as entity.minecraft.zombie with weight 18, min day 60 and max day 0
Loaded entity minecraft:zombie_villager as entity.minecraft.zombie_villager with weight 2, min day 60 and max day 0
loaded horde table hordes:default
Loaded entity minecraft:drowned as entity.minecraft.drowned with weight 40, min day 0 and max day 20
Loaded entity minecraft:drowned as entity.minecraft.drowned with weight 3, min day 30 and max day 40
loaded horde table hordes:drowned
Loaded entity minecraft:zombie as entity.minecraft.zombie with weight 20, min day 0 and max day 20
Loaded entity minecraft:skeleton as entity.minecraft.skeleton with weight 10, min day 20 and max day 30
Loaded entity minecraft:spider as entity.minecraft.spider with weight 15, min day 20 and max day 30
Loaded entity minecraft:creeper as entity.minecraft.creeper with weight 5, min day 30 and max day 30
Loaded entity minecraft:husk as entity.minecraft.husk with weight 20, min day 30 and max day 50
Loaded entity minecraft:stray as entity.minecraft.stray with weight 10, min day 40 and max day 50
Loaded entity minecraft:cave_spider as entity.minecraft.cave_spider with weight 10, min day 40 and max day 50
Loaded entity minecraft:witch as entity.minecraft.witch with weight 5, min day 40 and max day 50
Loaded entity minecraft:pillager as entity.minecraft.pillager with weight 10, min day 40 and max day 50
Loaded entity minecraft:zombified_piglin as entity.minecraft.zombified_piglin with weight 10, min day 40 and max day 50
Loaded entity minecraft:zombie_horse as entity.minecraft.zombie_horse with weight 3, min day 40 and max day 50
Loaded entity minecraft:wither_skeleton as entity.minecraft.wither_skeleton with weight 10, min day 50 and max day 0
Loaded entity minecraft:phantom as entity.minecraft.phantom with weight 5, min day 50 and max day 50
Loaded entity minecraft:vindicator as entity.minecraft.vindicator with weight 10, min day 50 and max day 50
Loaded entity minecraft:zoglin as entity.minecraft.zoglin with weight 5, min day 40 and max day 40
Loaded entity minecraft:ravager as entity.minecraft.ravager with weight 5, min day 50 and max day 50
Loaded entity minecraft:evoker as entity.minecraft.evoker with weight 5, min day 50 and max day 50
Loaded entity minecraft:piglin_brute as entity.minecraft.piglin_brute with weight 10, min day 60 and max day 0
Loaded entity minecraft:cave_spider as entity.minecraft.cave_spider with weight 15, min day 60 and max day 0
Loaded entity minecraft:zombie_horse as entity.minecraft.zombie_horse with weight 5, min day 60 and max day 0
Loaded entity minecraft:ravager as entity.minecraft.ravager with weight 3, min day 60 and max day 0
Loaded entity minecraft:phantom as entity.minecraft.phantom with weight 3, min day 60 and max day 0
loaded horde table hordes:mixed_mobs
Loaded entity minecraft:pillager as entity.minecraft.pillager with weight 15, min day 0 and max day 0
Loaded entity minecraft:vindicator as entity.minecraft.vindicator with weight 10, min day 0 and max day 0
Loaded entity minecraft:witch as entity.minecraft.witch with weight 5, min day 20 and max day 0
Loaded entity minecraft:ravager as entity.minecraft.ravager with weight 5, min day 30 and max day 40
Loaded entity minecraft:evoker as entity.minecraft.evoker with weight 3, min day 40 and max day 40
Loaded entity minecraft:illusioner as entity.minecraft.illusioner with weight 5, min day 50 and max day 0
Loaded entity minecraft:ravager as entity.minecraft.ravager with weight 3, min day 50 and max day 0
Loaded entity minecraft:ravager as entity.minecraft.ravager with weight 5, min day 50 and max day 0
loaded horde table hordes:illagers
Loaded entity minecraft:skeleton as entity.minecraft.skeleton with weight 10, min day 0 and max day 20
Loaded entity minecraft:skeleton as entity.minecraft.skeleton with weight 20, min day 0 and max day 30
Loaded entity minecraft:skeleton_horse as entity.minecraft.skeleton_horse with weight 5, min day 20 and max day 50
Loaded entity minecraft:stray as entity.minecraft.stray with weight 10, min day 20 and max day 0
Loaded entity minecraft:wither_skeleton as entity.minecraft.wither_skeleton with weight 10, min day 40 and max day 0
Loaded entity minecraft:skeleton_horse as entity.minecraft.skeleton_horse with weight 5, min day 40 and max day 0
loaded horde table hordes:skeletons
Loaded entity minecraft:zombie as entity.minecraft.zombie with weight 30, min day 0 and max day 0
loaded horde table hordes:fallback
loaded horde script hordes:default
Loading conversion tables
Loading conversion table hordes:infection_conversions
Loaded conversion entity.minecraft.horse to entity.minecraft.zombie_horse with chance of 0.65
Loaded conversion entity.minecraft.piglin to entity.minecraft.zombified_piglin with chance of 0.75
Loaded conversion entity.minecraft.piglin_brute to entity.minecraft.zombified_piglin{Attributes:[{Base:50.0f,Name:"generic.max_health"}],chat_name:"entity.hordes.ZombifiedPiglinBrute.name",texture:"hordes:textures/entity/zombified_piglin_brute.png"} with chance of 0.35
Loaded conversion entity.minecraft.hoglin to entity.minecraft.zoglin with chance of 0.15
Loaded conversion entity.minecraft.wandering_trader to entity.minecraft.zombie_villager{VillagerData:{type:"none"},chat_name:"entity.hordes.ZombieWanderingTrader.name",texture:"hordes:textures/entity/zombie_wandering_trader.png"} with chance of 0.75
Loaded conversion entity.minecraft.pillager to entity.minecraft.zombie_villager{Attributes:[{Base:24.0f,Name:"generic.max_health"}],VillagerData:{type:"none"},chat_name:"entity.hordes.ZombiePillager.name",texture:"hordes:textures/entity/zombie_pillager.png"} with chance of 0.75
Loaded conversion entity.minecraft.vindicator to entity.minecraft.zombie_villager{Attributes:[{Base:24.0f,Name:"generic.max_health"}],VillagerData:{type:"none"},chat_name:"entity.hordes.ZombieVindicator.name",texture:"hordes:textures/entity/zombie_vindicator.png"} with chance of 0.35
Loaded conversion entity.minecraft.evoker to entity.minecraft.zombie_villager{Attributes:[{Base:24.0f,Name:"generic.max_health"}],VillagerData:{type:"none"},chat_name:"entity.hordes.ZombieEvoker.name",texture:"hordes:textures/entity/zombie_evoker.png"} with chance of 0.5
Loaded conversion entity.minecraft.illusioner to entity.minecraft.zombie_villager{Attributes:[{Base:32.0f,Name:"generic.max_health"}],VillagerData:{type:"none"},chat_name:"entity.hordes.ZombieIllusioner.name",texture:"hordes:textures/entity/zombie_illusioner.png"} with chance of 0.15
Loaded conversion entity.minecraft.witch to entity.minecraft.zombie_villager{Attributes:[{Base:26.0f,Name:"generic.max_health"}],VillagerData:{type:"none"},chat_name:"entity.hordes.ZombieWitch.name",texture:"hordes:textures/entity/zombie_witch.png"} with chance of 0.25
Loading immunity item list
Loading immunity item list hordes:immunity_items
Loaded immunity item minecraft:enchanted_golden_apple with duration 150
Loaded immunity item cure:vaccine with duration 90
Loaded immunity item canned_goods:canned_enchanted_apples with duration 300
Loading wearables protection list
Loading wearables protection list hordes:immune_wearables
Loaded wearable protection marbledsarsenal:acacia_ghillie_boots with modifier 0.78
Loaded wearable protection marbledsarsenal:acacia_ghillie_chestplate with modifier 0.78
Loaded wearable protection marbledsarsenal:acacia_ghillie_helmet with modifier 0.78
Loaded wearable protection marbledsarsenal:acacia_ghillie_leggings with modifier 0.78
Loaded wearable protection marbledsarsenal:azalea_ghillie_boots with modifier 0.78
Loaded wearable protection marbledsarsenal:azalea_ghillie_chestplate with modifier 0.78
Loaded wearable protection marbledsarsenal:azalea_ghillie_helmet with modifier 0.78
Loaded wearable protection marbledsarsenal:azalea_ghillie_leggings with modifier 0.78
Loaded wearable protection marbledsarsenal:birch_ghillie_boots with modifier 0.78
Loaded wearable protection marbledsarsenal:birch_ghillie_chestplate with modifier 0.78
Loaded wearable protection marbledsarsenal:birch_ghillie_helmet with modifier 0.78
Loaded wearable protection marbledsarsenal:birch_ghillie_leggings with modifier 0.78
Loaded wearable protection marbledsarsenal:cherry_ghillie_boots with modifier 0.78
Loaded wearable protection marbledsarsenal:cherry_ghillie_chestplate with modifier 0.78
Loaded wearable protection marbledsarsenal:cherry_ghillie_helmet with modifier 0.78
Loaded wearable protection marbledsarsenal:cherry_ghillie_leggings with modifier 0.78
Loaded wearable protection marbledsarsenal:dark_oak_ghillie_boots with modifier 0.78
Loaded wearable protection marbledsarsenal:dark_oak_ghillie_chestplate with modifier 0.78
Loaded wearable protection marbledsarsenal:dark_oak_ghillie_helmet with modifier 0.78
Loaded wearable protection marbledsarsenal:dark_oak_ghillie_leggings with modifier 0.78
Loaded wearable protection marbledsarsenal:jungle_ghillie_boots with modifier 0.78
Loaded wearable protection marbledsarsenal:jungle_ghillie_chestplate with modifier 0.78
Loaded wearable protection marbledsarsenal:jungle_ghillie_helmet with modifier 0.78
Loaded wearable protection marbledsarsenal:jungle_ghillie_leggings with modifier 0.78
Loaded wearable protection marbledsarsenal:mangrove_ghillie_boots with modifier 0.78
Loaded wearable protection marbledsarsenal:mangrove_ghillie_chestplate with modifier 0.78
Loaded wearable protection marbledsarsenal:mangrove_ghillie_helmet with modifier 0.78
Loaded wearable protection marbledsarsenal:mangrove_ghillie_leggings with modifier 0.78
Loaded wearable protection marbledsarsenal:oak_ghillie_boots with modifier 0.78
Loaded wearable protection marbledsarsenal:oak_ghillie_chestplate with modifier 0.78
Loaded wearable protection marbledsarsenal:oak_ghillie_helmet with modifier 0.78
Loaded wearable protection marbledsarsenal:oak_ghillie_leggings with modifier 0.78
Loaded wearable protection marbledsarsenal:spruce_ghillie_boots with modifier 0.78
Loaded wearable protection marbledsarsenal:spruce_ghillie_chestplate with modifier 0.78
Loaded wearable protection marbledsarsenal:spruce_ghillie_helmet with modifier 0.78
Loaded wearable protection marbledsarsenal:spruce_ghillie_leggings with modifier 0.78
Loaded wearable protection marbledsarsenal:hazmat_armor_boots with modifier 0.77
Loaded wearable protection marbledsarsenal:hazmat_armor_chestplate with modifier 0.74
Loaded wearable protection marbledsarsenal:hazmat_armor_helmet with modifier 0.67
Loaded wearable protection marbledsarsenal:hazmat_armor_leggings with modifier 0.76
Loaded wearable protection marbledsarsenal:swat_armor_boots with modifier 0.71
Loaded wearable protection marbledsarsenal:swat_armor_chestplate with modifier 0.7
Loaded wearable protection marbledsarsenal:swat_armor_helmet with modifier 0.67
Loaded wearable protection marbledsarsenal:swat_armor_leggings with modifier 0.7
Loaded wearable protection marbledsarsenal:riot_armor_boots with modifier 0.71
Loaded wearable protection marbledsarsenal:riot_armor_chestplate with modifier 0.7
Loaded wearable protection marbledsarsenal:riot_armor_helmet with modifier 0.65
Loaded wearable protection marbledsarsenal:riot_armor_leggings with modifier 0.7
Loaded wearable protection marbledsarsenal:winter_military_armor_boots with modifier 0.71
Loaded wearable protection marbledsarsenal:winter_military_armor_chestplate with modifier 0.7
Loaded wearable protection marbledsarsenal:winter_military_armor_helmet with modifier 0.71
Loaded wearable protection marbledsarsenal:winter_military_armor_leggings with modifier 0.7
Loaded wearable protection marbledsarsenal:olive_juggernaut_armor_boots with modifier 0.38
Loaded wearable protection marbledsarsenal:olive_juggernaut_armor_chestplate with modifier 0.24
Loaded wearable protection marbledsarsenal:olive_juggernaut_armor_helmet with modifier 0.37
Loaded wearable protection marbledsarsenal:olive_juggernaut_armor_leggings with modifier 0.26
Loaded wearable protection marbledsarsenal:black_juggernaut_armor_boots with modifier 0.38
Loaded wearable protection marbledsarsenal:black_juggernaut_armor_chestplate with modifier 0.24
Loaded wearable protection marbledsarsenal:black_juggernaut_armor_helmet with modifier 0.37
Loaded wearable protection marbledsarsenal:black_juggernaut_armor_leggings with modifier 0.26
Loaded wearable protection marbledsarsenal:black_gp5_gas_mask with modifier 0.68
Loaded wearable protection marbledsarsenal:white_gp5_gas_mask with modifier 0.68
Loaded wearable protection marbledsarsenal:cm6m_gas_mask with modifier 0.7
Loaded wearable protection marbledsarsenal:helmet_cm6m_gas_mask with modifier 0.7
Loaded wearable protection marbledsarsenal:un_helmet_cm6m_gas_mask with modifier 0.68
Loaded wearable protection marbledsarsenal:olive_helmet_cm6m_gas_mask with modifier 0.68
Loaded wearable protection marbledsarsenal:medical_helmet_cm6m_gas_mask with modifier 0.68
Loaded wearable protection marbledsarsenal:medical_un_helmet_cm6m_gas_mask with modifier 0.68
Loaded wearable protection marbledsarsenal:medical_olive_helmet_cm6m_gas_mask with modifier 0.68
Loaded wearable protection marbledsarsenal:cm7m_gas_mask with modifier 0.64
Loaded wearable protection marbledsarsenal:helmet_cm7m_gas_mask with modifier 0.64
Loaded wearable protection marbledsarsenal:un_helmet_cm7m_gas_mask with modifier 0.64
Loaded wearable protection marbledsarsenal:olive_helmet_cm7m_gas_mask with modifier 0.64
Loaded wearable protection marbledsarsenal:medical_helmet_cm7m_gas_mask with modifier 0.64
Loaded wearable protection marbledsarsenal:medical_un_helmet_cm7m_gas_mask with modifier 0.64
Loaded wearable protection marbledsarsenal:medical_olive_helmet_cm7m_gas_mask with modifier 0.64
Loaded wearable protection marbledsarsenal:cm8m_gas_mask with modifier 0.6
Loaded wearable protection marbledsarsenal:helmet_cm8m_gas_mask with modifier 0.6
Loaded wearable protection marbledsarsenal:un_helmet_cm8m_gas_mask with modifier 0.6
Loaded wearable protection marbledsarsenal:olive_helmet_cm8m_gas_mask with modifier 0.6
Loaded wearable protection marbledsarsenal:medical_helmet_cm8m_gas_mask with modifier 0.6
Loaded wearable protection marbledsarsenal:medical_un_helmet_cm8m_gas_mask with modifier 0.6
Loaded wearable protection marbledsarsenal:medical_olive_helmet_cm8m_gas_mask with modifier 0.6
Loaded wearable protection marbledsarsenal:combat_helmet with modifier 0.76
Loaded wearable protection marbledsarsenal:un_combat_helmet with modifier 0.76
Loaded wearable protection marbledsarsenal:olive_combat_helmet with modifier 0.76
Loaded wearable protection marbledsarsenal:medical_combat_helmet with modifier 0.76
Loaded wearable protection marbledsarsenal:medical_un_combat_helmet with modifier 0.76
Loaded wearable protection marbledsarsenal:medical_olive_combat_helmet with modifier 0.76
Loaded wearable protection marbledsarsenal:desert_military_armor_boots with modifier 0.71
Loaded wearable protection marbledsarsenal:desert_military_armor_leggings with modifier 0.7
Loaded wearable protection marbledsarsenal:desert_military_armor_chestplate with modifier 0.7
Loaded wearable protection marbledsarsenal:desert_military_armor_helmet with modifier 0.71
Loaded wearable protection marbledsarsenal:black_plate_carrier_t1 with modifier 0.68
Loaded wearable protection marbledsarsenal:black_plate_carrier_t2 with modifier 0.64
Loaded wearable protection marbledsarsenal:black_plate_carrier_t3 with modifier 0.6
Loaded wearable protection marbledsarsenal:olive_plate_carrier_t1 with modifier 0.68
Loaded wearable protection marbledsarsenal:olive_plate_carrier_t2 with modifier 0.64
Loaded wearable protection marbledsarsenal:olive_plate_carrier_t3 with modifier 0.6
Loaded wearable protection spore:inf_helmet with modifier 0.5
Loaded wearable protection spore:inf_chest with modifier 0.68
Loaded wearable protection spore:inf_pants with modifier 0.57
Loaded wearable protection spore:inf_boots with modifier 0.57
Loaded wearable protection spore:inf_up_helmet with modifier 0.4
Loaded wearable protection spore:inf_up_chest with modifier 0.58
Loaded wearable protection spore:inf_up_pants with modifier 0.47
Loaded wearable protection spore:inf_up_boots with modifier 0.47
Loaded wearable protection lrarmor:medical_helmet with modifier 0.45
Loaded wearable protection lrarmor:medical_chestplate with modifier 0.45
Loaded wearable protection lrarmor:medical_leggings with modifier 0.65
Loaded wearable protection lrarmor:medical_boots with modifier 0.7
Loaded wearable protection lrarmor:defender_helmet with modifier 0.65
Loaded wearable protection lrarmor:defender_chestplate with modifier 0.61
Loaded wearable protection lrarmor:defender_leggings with modifier 0.68
Loaded wearable protection lrarmor:defender_boots with modifier 0.78
Loaded wearable protection lrarmor:chemical_protective_helmet with modifier 0.62
Loaded wearable protection lrarmor:chemical_protective_chestplate with modifier 0.68
Loaded wearable protection lrarmor:chemical_protective_leggings with modifier 0.7
Loaded wearable protection lrarmor:chemical_protective_boots with modifier 0.77
Loaded wearable protection lrarmor:armored_chemical_helmet with modifier 0.66
Loaded wearable protection lrarmor:armored_chemical_chestplate with modifier 0.68
Loaded wearable protection lrarmor:armored_chemical_leggings with modifier 0.7
Loaded wearable protection lrarmor:armored_chemical_boots with modifier 0.77
Loaded wearable protection lrarmor:attacker_helmet with modifier 0.76
Loaded wearable protection lrarmor:attacker_chestplate with modifier 0.67
Loaded wearable protection lrarmor:attacker_leggings with modifier 0.69
Loaded wearable protection lrarmor:attacker_boots with modifier 0.77
Loaded wearable protection lrarmor:sniper_helmet with modifier 0.67
Loaded wearable protection lrarmor:sniper_chestplate with modifier 0.69
Loaded wearable protection lrarmor:sniper_leggings with modifier 0.79
Loaded wearable protection lrarmor:sniper_boots with modifier 0.79
Loaded wearable protection lrarmor:scout_helmet with modifier 0.8
Loaded wearable protection lrarmor:scout_chestplate with modifier 0.7
Loaded wearable protection lrarmor:scout_leggings with modifier 0.79
Loaded wearable protection lrarmor:scout_boots with modifier 0.79
Loaded wearable protection biohazardchanges:leather_ushanka with modifier 0.77
Loaded wearable protection biohazardchanges:leather_jacket with modifier 0.74
Loaded wearable protection biohazardchanges:leather_pants with modifier 0.74
Loaded wearable protection biohazardchanges:leather_boots with modifier 0.77
Loaded wearable protection biohazardchanges:rusted_helmet with modifier 0.85
Loaded wearable protection biohazardchanges:rusted_chestplate with modifier 0.95
Loaded wearable protection biohazardchanges:rusted_leggings with modifier 0.9
Loaded wearable protection biohazardchanges:rusted_boots with modifier 0.85
Loaded wearable protection biohazardchanges:iron_helmet with modifier 0.8
Loaded wearable protection biohazardchanges:iron_chestplate with modifier 0.9
Loaded wearable protection biohazardchanges:iron_leggings with modifier 0.8
Loaded wearable protection biohazardchanges:iron_boots with modifier 0.8
